<!doctype html public "-//w3c//dtd html 4.0 transitional//en">
<html><head>
<title>Static Call Graph - [.\Objects\lab-1_Assembly.axf]</title></head>
<body><HR>
<H1>Static Call Graph for image .\Objects\lab-1_Assembly.axf</H1><HR>
<BR><P>#&#060CALLGRAPH&#062# ARM Linker, 5060061: Last Updated: Thu Jan 19 15:47:01 2017
<BR><P>
<H3>Maximum Stack Usage =          0 bytes + Unknown(Functions without stacksize, Untraceable Function Pointers)</H3><H3>
Call chain for Maximum Stack Depth:</H3>

<P>
<H3>
Functions with no stack information
</H3><UL>
 <LI><a href="#[1]">Reset_Handler</a>
</UL>
</UL>
<P>
<H3>
Function Pointers
</H3><UL>
 <LI><a href="#[1]">Reset_Handler</a> from myfirstasm.o(AFTER_RESET) referenced from myfirstasm.o(RESET)
</UL>
<P>
<H3>
Global Symbols
</H3>
<P><STRONG><a name="[1]"></a>Reset_Handler</STRONG> (Thumb, 0 bytes, Stack size unknown bytes, myfirstasm.o(AFTER_RESET))
<P>
<H3>
Local Symbols
</H3><P>
<H3>
Undefined Global Symbols
</H3><HR></body></html>
