Component: ARM Compiler 5.05 update 2 (build 169) Tool: armlink [4d0f33]

==============================================================================

Section Cross References

    stm32f10x_adc.o(.text) refers to stm32f10x_rcc.o(.text) for RCC_APB2PeriphResetCmd
    stm32f10x_bkp.o(.text) refers to stm32f10x_rcc.o(.text) for RCC_BackupResetCmd
    stm32f10x_can.o(.text) refers to stm32f10x_rcc.o(.text) for RCC_APB1PeriphResetCmd
    stm32f10x_cec.o(.text) refers to stm32f10x_rcc.o(.text) for RCC_APB1PeriphResetCmd
    stm32f10x_dac.o(.text) refers to stm32f10x_rcc.o(.text) for RCC_APB1PeriphResetCmd
    stm32f10x_gpio.o(.text) refers to stm32f10x_rcc.o(.text) for RCC_APB2PeriphResetCmd
    stm32f10x_i2c.o(.text) refers to stm32f10x_rcc.o(.text) for RCC_APB1PeriphResetCmd
    stm32f10x_pwr.o(.text) refers to stm32f10x_rcc.o(.text) for RCC_APB1PeriphResetCmd
    stm32f10x_rcc.o(.text) refers to stm32f10x_rcc.o(.data) for APBAHBPrescTable
    stm32f10x_spi.o(.text) refers to stm32f10x_rcc.o(.text) for RCC_APB2PeriphResetCmd
    stm32f10x_tim.o(.text) refers to stm32f10x_rcc.o(.text) for RCC_APB2PeriphResetCmd
    stm32f10x_usart.o(.text) refers to stm32f10x_rcc.o(.text) for RCC_APB2PeriphResetCmd
    stm32f10x_wwdg.o(.text) refers to stm32f10x_rcc.o(.text) for RCC_APB1PeriphResetCmd
    system_stm32f10x.o(.text) refers to system_stm32f10x.o(.data) for SystemCoreClock
    startup_stm32f10x_hd.o(STACK) refers (Special) to heapauxi.o(.text) for __use_two_region_memory
    startup_stm32f10x_hd.o(HEAP) refers (Special) to heapauxi.o(.text) for __use_two_region_memory
    startup_stm32f10x_hd.o(RESET) refers (Special) to heapauxi.o(.text) for __use_two_region_memory
    startup_stm32f10x_hd.o(RESET) refers to startup_stm32f10x_hd.o(STACK) for __initial_sp
    startup_stm32f10x_hd.o(RESET) refers to startup_stm32f10x_hd.o(.text) for Reset_Handler
    startup_stm32f10x_hd.o(RESET) refers to stm32f10x_it.o(.text) for NMI_Handler
    startup_stm32f10x_hd.o(RESET) refers to ierg3810_interrupt.o(.text) for EXTI0_IRQHandler
    startup_stm32f10x_hd.o(RESET) refers to ierg3810_timer.o(.text) for TIM3_IRQHandler
    startup_stm32f10x_hd.o(.text) refers (Special) to heapauxi.o(.text) for __use_two_region_memory
    startup_stm32f10x_hd.o(.text) refers to system_stm32f10x.o(.text) for SystemInit
    startup_stm32f10x_hd.o(.text) refers to __main.o(!!!main) for __main
    startup_stm32f10x_hd.o(.text) refers to startup_stm32f10x_hd.o(HEAP) for Heap_Mem
    startup_stm32f10x_hd.o(.text) refers to startup_stm32f10x_hd.o(STACK) for Stack_Mem
    ierg3810_usart1.o(.text) refers to fflt_clz.o(x$fpl$ffltu) for __aeabi_ui2f
    ierg3810_usart1.o(.text) refers to fdiv.o(x$fpl$fdiv) for __aeabi_fdiv
    ierg3810_usart1.o(.text) refers to ffixu.o(x$fpl$ffixu) for __aeabi_f2uiz
    ierg3810_usart1.o(.text) refers to faddsub_clz.o(x$fpl$frsb) for __aeabi_frsub
    ierg3810_usart1.o(.text) refers to fmul.o(x$fpl$fmul) for __aeabi_fmul
    ierg3810_usart2.o(.text) refers to fflt_clz.o(x$fpl$ffltu) for __aeabi_ui2f
    ierg3810_usart2.o(.text) refers to fdiv.o(x$fpl$fdiv) for __aeabi_fdiv
    ierg3810_usart2.o(.text) refers to ffixu.o(x$fpl$ffixu) for __aeabi_f2uiz
    ierg3810_usart2.o(.text) refers to faddsub_clz.o(x$fpl$frsb) for __aeabi_frsub
    ierg3810_usart2.o(.text) refers to fmul.o(x$fpl$fmul) for __aeabi_fmul
    ierg3810_tftlcd.o(.text) refers to ierg3810_tftlcd.o(.data) for image01
    ierg3810_tftlcd.o(.text) refers to ierg3810_tftlcd.o(.constdata) for asc2_1608
    ierg3810_tftlcd.o(.text) refers to rt_memcpy_w.o(.text) for __aeabi_memcpy4
    ierg3810_interrupt.o(.text) refers to ierg3810_delay.o(.text) for Delay
    ierg3810_interrupt.o(.text) refers to calloc.o(.text) for calloc
    ierg3810_interrupt.o(.text) refers to ierg3810_interrupt.o(.data) for sheep
    ierg3810_interrupt.o(.text) refers to main.o(.data) for PacDir
    ierg3810_timer.o(.text) refers to ierg3810_delay.o(.text) for Delay
    ierg3810_timer.o(.text) refers to ierg3810_timer.o(.data) for dir
    ierg3810_mini.o(.text) refers to calloc.o(.text) for calloc
    ierg3810_mini.o(.text) refers to h1_alloc.o(.text) for malloc
    ierg3810_mini.o(.text) refers to h1_free.o(.text) for free
    ierg3810_mini.o(.text) refers to ierg3810_delay.o(.text) for Delay
    ierg3810_mini.o(.text) refers to ierg3810_mini.o(.data) for map
    ierg3810_mini.o(.text) refers to main.o(.data) for Seed
    ierg3810_mini.o(.text) refers to rand.o(.emb_text) for rand
    ierg3810_mini.o(.text) refers to ierg3810_tftlcd.o(.text) for IERG3810_TFTLCD_FillRectangle
    stm32f10x_it.o(.text) refers to main.o(.data) for task1HeartBeat
    main.o(.text) refers to ierg3810_mini.o(.text) for setByValueII
    main.o(.text) refers to h1_free.o(.text) for free
    main.o(.text) refers to rand.o(.emb_text) for rand
    main.o(.text) refers to rand.o(.text) for srand
    main.o(.text) refers to calloc.o(.text) for calloc
[...]
    libinit2.o(.ARM.Collect$$libinit$$00000026) refers to argv_veneer.o(.emb_text) for __ARM_argv_veneer
    libinit2.o(.ARM.Collect$$libinit$$00000027) refers to argv_veneer.o(.emb_text) for __ARM_argv_veneer
    fnaninf.o(x$fpl$fnaninf) refers (Special) to usenofp.o(x$fpl$usenofp) for __I$use$fp
    fretinf.o(x$fpl$fretinf) refers (Special) to usenofp.o(x$fpl$usenofp) for __I$use$fp
    sys_command.o(.text) refers (Special) to use_no_semi.o(.text) for __I$use$semihosting
    sys_command.o(.text) refers (Special) to indicate_semi.o(.text) for __semihosting_library_function
    libspace.o(.text) refers to libspace.o(.bss) for __libspace_start
    __rtentry2.o(.ARM.Collect$$rtentry$$00000008) refers to boardinit2.o(.text) for _platform_post_stackheap_init
    __rtentry2.o(.ARM.Collect$$rtentry$$0000000A) refers to libinit.o(.ARM.Collect$$libinit$$00000000) for __rt_lib_init
    __rtentry2.o(.ARM.Collect$$rtentry$$0000000B) refers to boardinit3.o(.text) for _platform_post_lib_init
    __rtentry2.o(.ARM.Collect$$rtentry$$0000000D) refers to main.o(.text) for main
    __rtentry2.o(.ARM.Collect$$rtentry$$0000000D) refers to exit.o(.text) for exit
    __rtentry2.o(.ARM.exidx) refers to __rtentry2.o(.ARM.Collect$$rtentry$$00000001) for .ARM.Collect$$rtentry$$00000001
    __rtentry2.o(.ARM.exidx) refers to __rtentry2.o(.ARM.Collect$$rtentry$$00000008) for .ARM.Collect$$rtentry$$00000008
    __rtentry2.o(.ARM.exidx) refers to __rtentry2.o(.ARM.Collect$$rtentry$$0000000A) for .ARM.Collect$$rtentry$$0000000A
    __rtentry2.o(.ARM.exidx) refers to __rtentry2.o(.ARM.Collect$$rtentry$$0000000B) for .ARM.Collect$$rtentry$$0000000B
    __rtentry2.o(.ARM.exidx) refers to __rtentry2.o(.ARM.Collect$$rtentry$$0000000D) for .ARM.Collect$$rtentry$$0000000D
    __rtentry4.o(.ARM.Collect$$rtentry$$00000004) refers to sys_stackheap_outer.o(.text) for __user_setup_stackheap
    __rtentry4.o(.ARM.exidx) refers to __rtentry4.o(.ARM.Collect$$rtentry$$00000004) for .ARM.Collect$$rtentry$$00000004
    maybetermalloc2.o(.emb_text) refers (Special) to term_alloc.o(.text) for _terminate_alloc
    h1_extend.o(.text) refers to h1_free.o(.text) for free
    h1_extend_mt.o(.text) refers to h1_free_mt.o(.text) for _free_internal
    defsig_rtmem_outer.o(.text) refers to defsig_rtmem_inner.o(.text) for __rt_SIGRTMEM_inner
    defsig_rtmem_outer.o(.text) refers to defsig_exit.o(.text) for __sig_exit
    defsig_rtmem_formal.o(.text) refers to rt_raise.o(.text) for __rt_raise
    heapauxa.o(.text) refers to heapauxa.o(.data) for .data
    argv_veneer.o(.emb_text) refers to no_argv.o(.text) for __ARM_get_argv
    sys_stackheap_outer.o(.text) refers to libspace.o(.text) for __user_perproc_libspace
    sys_stackheap_outer.o(.text) refers to startup_stm32f10x_hd.o(.text) for __user_initial_stackheap
    rt_raise.o(.text) refers to __raise.o(.text) for __raise
    rt_raise.o(.text) refers to sys_exit.o(.text) for _sys_exit
    term_alloc.o(.text) refers (Special) to libshutdown2.o(.ARM.Collect$$libshutdown$$0000000D) for __rt_lib_shutdown_heap_2
    term_alloc.o(.text) refers to rt_heap_descriptor_intlibspace.o(.text) for __rt_heap_descriptor
    term_alloc.o(.text) refers to h1_final.o(.text) for __Heap_Finalize
    exit.o(.text) refers to rtexit.o(.ARM.Collect$$rtexit$$00000000) for __rt_exit
    defsig_exit.o(.text) refers to sys_exit.o(.text) for _sys_exit
    defsig_rtmem_inner.o(.text) refers to defsig_general.o(.text) for __default_signal_display
    _get_argv_nomalloc.o(.text) refers (Special) to hrguard.o(.text) for __heap_region$guard
    _get_argv_nomalloc.o(.text) refers to defsig_rtmem_outer.o(.text) for __rt_SIGRTMEM
    _get_argv_nomalloc.o(.text) refers to sys_command.o(.text) for _sys_command_string
    libinit.o(.ARM.Collect$$libinit$$00000000) refers (Special) to libinit2.o(.ARM.Collect$$libinit$$0000002E) for __rt_lib_init_alloca_1
    libinit.o(.ARM.Collect$$libinit$$00000000) refers (Special) to libinit2.o(.ARM.Collect$$libinit$$0000002C) for __rt_lib_init_argv_1
    libinit.o(.ARM.Collect$$libinit$$00000000) refers (Special) to libinit2.o(.ARM.Collect$$libinit$$0000001B) for __rt_lib_init_atexit_1
    libinit.o(.ARM.Collect$$libinit$$00000000) refers (Special) to libinit2.o(.ARM.Collect$$libinit$$00000021) for __rt_lib_init_clock_1
    libinit.o(.ARM.Collect$$libinit$$00000000) refers (Special) to libinit2.o(.ARM.Collect$$libinit$$00000032) for __rt_lib_init_cpp_1
    libinit.o(.ARM.Collect$$libinit$$00000000) refers (Special) to libinit2.o(.ARM.Collect$$libinit$$00000030) for __rt_lib_init_exceptions_1
    libinit.o(.ARM.Collect$$libinit$$00000000) refers (Special) to libinit2.o(.ARM.Collect$$libinit$$00000002) for __rt_lib_init_fp_1
    libinit.o(.ARM.Collect$$libinit$$00000000) refers (Special) to libinit2.o(.ARM.Collect$$libinit$$0000001F) for __rt_lib_init_fp_trap_1
    libinit.o(.ARM.Collect$$libinit$$00000000) refers (Special) to libinit2.o(.ARM.Collect$$libinit$$00000023) for __rt_lib_init_getenv_1
    libinit.o(.ARM.Collect$$libinit$$00000000) refers (Special) to libinit2.o(.ARM.Collect$$libinit$$0000000A) for __rt_lib_init_heap_1
    libinit.o(.ARM.Collect$$libinit$$00000000) refers (Special) to libinit2.o(.ARM.Collect$$libinit$$00000011) for __rt_lib_init_lc_collate_1
    libinit.o(.ARM.Collect$$libinit$$00000000) refers (Special) to libinit2.o(.ARM.Collect$$libinit$$00000013) for __rt_lib_init_lc_ctype_1
    libinit.o(.ARM.Collect$$libinit$$00000000) refers (Special) to libinit2.o(.ARM.Collect$$libinit$$00000015) for __rt_lib_init_lc_monetary_1
    libinit.o(.ARM.Collect$$libinit$$00000000) refers (Special) to libinit2.o(.ARM.Collect$$libinit$$00000017) for __rt_lib_init_lc_numeric_1
    libinit.o(.ARM.Collect$$libinit$$00000000) refers (Special) to libinit2.o(.ARM.Collect$$libinit$$00000019) for __rt_lib_init_lc_time_1
    libinit.o(.ARM.Collect$$libinit$$00000000) refers (Special) to libinit2.o(.ARM.Collect$$libinit$$00000004) for __rt_lib_init_preinit_1
    libinit.o(.ARM.Collect$$libinit$$00000000) refers (Special) to libinit2.o(.ARM.Collect$$libinit$$0000000E) for __rt_lib_init_rand_1
    libinit.o(.ARM.Collect$$libinit$$00000000) refers (Special) to libinit2.o(.ARM.Collect$$libinit$$00000033) for __rt_lib_init_return
    libinit.o(.ARM.Collect$$libinit$$00000000) refers (Special) to libinit2.o(.ARM.Collect$$libinit$$0000001D) for __rt_lib_init_signal_1
    libinit.o(.ARM.Collect$$libinit$$00000000) refers (Special) to libinit2.o(.ARM.Collect$$libinit$$00000025) for __rt_lib_init_stdio_1
    libinit.o(.ARM.Collect$$libinit$$00000000) refers (Special) to libinit2.o(.ARM.Collect$$libinit$$0000000C) for __rt_lib_init_user_alloc_1
    sys_exit.o(.text) refers (Special) to use_no_semi.o(.text) for __I$use$semihosting
    sys_exit.o(.text) refers (Special) to indicate_semi.o(.text) for __semihosting_library_function
    rtexit.o(.ARM.Collect$$rtexit$$00000000) refers (Special) to rtexit2.o(.ARM.Collect$$rtexit$$00000004) for __rt_exit_exit
    rtexit.o(.ARM.Collect$$rtexit$$00000000) refers (Special) to rtexit2.o(.ARM.Collect$$rtexit$$00000003) for __rt_exit_ls
    rtexit.o(.ARM.Collect$$rtexit$$00000000) refers (Special) to rtexit2.o(.ARM.Collect$$rtexit$$00000002) for __rt_exit_prels_1
    rtexit.o(.ARM.exidx) refers (Special) to rtexit2.o(.ARM.Collect$$rtexit$$00000004) for __rt_exit_exit
    rtexit.o(.ARM.exidx) refers (Special) to rtexit2.o(.ARM.Collect$$rtexit$$00000003) for __rt_exit_ls
    rtexit.o(.ARM.exidx) refers (Special) to rtexit2.o(.ARM.Collect$$rtexit$$00000002) for __rt_exit_prels_1
    rtexit.o(.ARM.exidx) refers to rtexit.o(.ARM.Collect$$rtexit$$00000000) for .ARM.Collect$$rtexit$$00000000
    __raise.o(.text) refers to defsig.o(CL$$defsig) for __default_signal_handler
    defsig_general.o(.text) refers to sys_wrch.o(.text) for _ttywrch
    libshutdown2.o(.ARM.Collect$$libshutdown$$0000000C) refers (Weak) to term_alloc.o(.text) for _terminate_alloc
    sys_wrch.o(.text) refers (Special) to use_no_semi.o(.text) for __I$use$semihosting
    sys_wrch.o(.text) refers (Special) to indicate_semi.o(.text) for __semihosting_library_function
    rtexit2.o(.ARM.Collect$$rtexit$$00000003) refers to libshutdown.o(.ARM.Collect$$libshutdown$$00000000) for __rt_lib_shutdown
    rtexit2.o(.ARM.Collect$$rtexit$$00000004) refers to sys_exit.o(.text) for _sys_exit
    rtexit2.o(.ARM.exidx) refers to rtexit2.o(.ARM.Collect$$rtexit$$00000001) for .ARM.Collect$$rtexit$$00000001
    rtexit2.o(.ARM.exidx) refers to rtexit2.o(.ARM.Collect$$rtexit$$00000003) for .ARM.Collect$$rtexit$$00000003
    rtexit2.o(.ARM.exidx) refers to rtexit2.o(.ARM.Collect$$rtexit$$00000004) for .ARM.Collect$$rtexit$$00000004
    defsig.o(CL$$defsig) refers to defsig_rtmem_inner.o(.text) for __rt_SIGRTMEM_inner
    defsig_abrt_inner.o(.text) refers to defsig_general.o(.text) for __default_signal_display
    defsig_fpe_inner.o(.text) refers to defsig_general.o(.text) for __default_signal_display
    defsig_rtred_inner.o(.text) refers to defsig_general.o(.text) for __default_signal_display
    defsig_stak_inner.o(.text) refers to defsig_general.o(.text) for __default_signal_display
    defsig_pvfn_inner.o(.text) refers to defsig_general.o(.text) for __default_signal_display
    defsig_cppl_inner.o(.text) refers to defsig_general.o(.text) for __default_signal_display
    defsig_segv_inner.o(.text) refers to defsig_general.o(.text) for __default_signal_display
    defsig_other.o(.text) refers to defsig_general.o(.text) for __default_signal_display
    libshutdown.o(.ARM.Collect$$libshutdown$$00000000) refers (Special) to libshutdown2.o(.ARM.Collect$$libshutdown$$00000006) for __rt_lib_shutdown_fp_trap_1
    libshutdown.o(.ARM.Collect$$libshutdown$$00000000) refers (Special) to libshutdown2.o(.ARM.Collect$$libshutdown$$0000000E) for __rt_lib_shutdown_heap_1
    libshutdown.o(.ARM.Collect$$libshutdown$$00000000) refers (Special) to libshutdown2.o(.ARM.Collect$$libshutdown$$0000000F) for __rt_lib_shutdown_return
    libshutdown.o(.ARM.Collect$$libshutdown$$00000000) refers (Special) to libshutdown2.o(.ARM.Collect$$libshutdown$$00000009) for __rt_lib_shutdown_signal_1
    libshutdown.o(.ARM.Collect$$libshutdown$$00000000) refers (Special) to libshutdown2.o(.ARM.Collect$$libshutdown$$00000003) for __rt_lib_shutdown_stdio_1
    libshutdown.o(.ARM.Collect$$libshutdown$$00000000) refers (Special) to libshutdown2.o(.ARM.Collect$$libshutdown$$0000000B) for __rt_lib_shutdown_user_alloc_1


==============================================================================

Removing Unused input sections from the image.

    Removing misc.o(.text), (220 bytes).
    Removing stm32f10x_adc.o(.text), (1102 bytes).
    Removing stm32f10x_bkp.o(.text), (196 bytes).
    Removing stm32f10x_can.o(.text), (2544 bytes).
    Removing stm32f10x_cec.o(.text), (288 bytes).
    Removing stm32f10x_crc.o(.text), (72 bytes).
    Removing stm32f10x_dac.o(.text), (396 bytes).
    Removing stm32f10x_dbgmcu.o(.text), (48 bytes).
    Removing stm32f10x_dma.o(.text), (596 bytes).
    Removing stm32f10x_exti.o(.text), (284 bytes).
    Removing stm32f10x_flash.o(.text), (1468 bytes).
    Removing stm32f10x_fsmc.o(.text), (1548 bytes).
    Removing stm32f10x_gpio.o(.text), (860 bytes).
    Removing stm32f10x_i2c.o(.text), (1028 bytes).
    Removing stm32f10x_iwdg.o(.text), (64 bytes).
    Removing stm32f10x_pwr.o(.text), (204 bytes).
    Removing stm32f10x_rcc.o(.text), (932 bytes).
    Removing stm32f10x_rcc.o(.data), (20 bytes).
    Removing stm32f10x_rtc.o(.text), (328 bytes).
    Removing stm32f10x_sdio.o(.text), (468 bytes).
    Removing stm32f10x_spi.o(.text), (780 bytes).
    Removing stm32f10x_tim.o(.text), (3610 bytes).
    Removing stm32f10x_usart.o(.text), (1032 bytes).
    Removing stm32f10x_wwdg.o(.text), (136 bytes).
    Removing core_cm3.o(.emb_text), (32 bytes).
    Removing ierg3810_key.o(.text), (100 bytes).
    Removing ierg3810_usart1.o(.text), (196 bytes).

27 unused section(s) (total 18552 bytes) removed from the image.

==============================================================================

Image Symbol Table

    Local Symbols

    Symbol Name                              Value     Ov Type        Size  Object(Section)

    ../clib/angel/boardlib.s                 0x00000000   Number         0  boardshut.o ABSOLUTE
    ../clib/angel/boardlib.s                 0x00000000   Number         0  boardinit1.o ABSOLUTE
    ../clib/angel/boardlib.s                 0x00000000   Number         0  boardinit3.o ABSOLUTE
    ../clib/angel/boardlib.s                 0x00000000   Number         0  boardinit2.o ABSOLUTE
    ../clib/angel/dclz77c.s                  0x00000000   Number         0  __dclz77c.o ABSOLUTE
    ../clib/angel/handlers.s                 0x00000000   Number         0  __scatter_zi.o ABSOLUTE
    ../clib/angel/kernel.s                   0x00000000   Number         0  rtexit2.o ABSOLUTE
    ../clib/angel/kernel.s                   0x00000000   Number         0  rtexit.o ABSOLUTE
    ../clib/angel/kernel.s                   0x00000000   Number         0  __rtentry4.o ABSOLUTE
    ../clib/angel/kernel.s                   0x00000000   Number         0  __rtentry2.o ABSOLUTE
    ../clib/angel/kernel.s                   0x00000000   Number         0  __rtentry.o ABSOLUTE
    ../clib/angel/rt.s                       0x00000000   Number         0  rt_raise.o ABSOLUTE
    ../clib/angel/rt.s                       0x00000000   Number         0  rt_heap_descriptor.o ABSOLUTE
    ../clib/angel/rt.s                       0x00000000   Number         0  rt_heap_descriptor_intlibspace.o ABSOLUTE
    ../clib/angel/scatter.s                  0x00000000   Number         0  __scatter.o ABSOLUTE
    ../clib/angel/startup.s                  0x00000000   Number         0  __main.o ABSOLUTE
    ../clib/angel/sys.s                      0x00000000   Number         0  indicate_semi.o ABSOLUTE
    ../clib/angel/sys.s                      0x00000000   Number         0  sys_stackheap_outer.o ABSOLUTE
    ../clib/angel/sys.s                      0x00000000   Number         0  mutex_dummy.o ABSOLUTE
    ../clib/angel/sys.s                      0x00000000   Number         0  libspace.o ABSOLUTE
    ../clib/angel/sys.s                      0x00000000   Number         0  use_no_semi.o ABSOLUTE
    ../clib/angel/sysapp.c                   0x00000000   Number         0  sys_command.o ABSOLUTE
    ../clib/angel/sysapp.c                   0x00000000   Number         0  sys_exit.o ABSOLUTE
    ../clib/angel/sysapp.c                   0x00000000   Number         0  sys_wrch.o ABSOLUTE
    ../clib/armsys.c                         0x00000000   Number         0  _get_argv_nomalloc.o ABSOLUTE
    ../clib/armsys.c                         0x00000000   Number         0  argv_veneer.o ABSOLUTE
    ../clib/armsys.c                         0x00000000   Number         0  _get_argv.o ABSOLUTE
    ../clib/armsys.c                         0x00000000   Number         0  no_argv.o ABSOLUTE
    ../clib/armsys.c                         0x00000000   Number         0  argv_veneer.o ABSOLUTE
    ../clib/heap1.c                          0x00000000   Number         0  h1_init_mt.o ABSOLUTE
    ../clib/heap1.c                          0x00000000   Number         0  h1_final_mt.o ABSOLUTE
    ../clib/heap1.c                          0x00000000   Number         0  h1_init.o ABSOLUTE
    ../clib/heap1.c                          0x00000000   Number         0  h1_extend.o ABSOLUTE
    ../clib/heap1.c                          0x00000000   Number         0  h1_free_mt.o ABSOLUTE
    ../clib/heap1.c                          0x00000000   Number         0  h1_alloc_mt.o ABSOLUTE
    ../clib/heap1.c                          0x00000000   Number         0  h1_free.o ABSOLUTE
    ../clib/heap1.c                          0x00000000   Number         0  h1_alloc.o ABSOLUTE
    ../clib/heap1.c                          0x00000000   Number         0  h1_final.o ABSOLUTE
    ../clib/heap1.c                          0x00000000   Number         0  h1_extend_mt.o ABSOLUTE
    ../clib/heap2.c                          0x00000000   Number         0  heap2mt.o ABSOLUTE
    ../clib/heap2.c                          0x00000000   Number         0  heap2.o ABSOLUTE
    ../clib/heap2.c                          0x00000000   Number         0  fdtree.o ABSOLUTE
    ../clib/heapalloc.c                      0x00000000   Number         0  term_alloc.o ABSOLUTE
    ../clib/heapalloc.c                      0x00000000   Number         0  malloc.o ABSOLUTE
    ../clib/heapalloc.c                      0x00000000   Number         0  free.o ABSOLUTE
    ../clib/heapalloc.c                      0x00000000   Number         0  calloc.o ABSOLUTE
    ../clib/heapalloc.c                      0x00000000   Number         0  maybetermalloc2.o ABSOLUTE
    ../clib/heapalloc.c                      0x00000000   Number         0  hguard.o ABSOLUTE
    ../clib/heapalloc.c                      0x00000000   Number         0  maybetermalloc2.o ABSOLUTE
    ../clib/heapalloc.c                      0x00000000   Number         0  heapstubs.o ABSOLUTE
    ../clib/heapalloc.c                      0x00000000   Number         0  maybetermalloc1.o ABSOLUTE
    ../clib/heapalloc.c                      0x00000000   Number         0  maybetermalloc1.o ABSOLUTE
    ../clib/heapalloc.c                      0x00000000   Number         0  hrguard.o ABSOLUTE
    ../clib/heapalloc.c                      0x00000000   Number         0  init_alloc.o ABSOLUTE
    ../clib/heapaux.c                        0x00000000   Number         0  heapauxi.o ABSOLUTE
    ../clib/heapaux.c                        0x00000000   Number         0  heapauxa.o ABSOLUTE
    ../clib/libinit.s                        0x00000000   Number         0  libinit2.o ABSOLUTE
    ../clib/libinit.s                        0x00000000   Number         0  libshutdown.o ABSOLUTE
    ../clib/libinit.s                        0x00000000   Number         0  libshutdown2.o ABSOLUTE
    ../clib/libinit.s                        0x00000000   Number         0  libinit.o ABSOLUTE
    ../clib/memcpset.s                       0x00000000   Number         0  rt_memclr.o ABSOLUTE
    ../clib/memcpset.s                       0x00000000   Number         0  rt_memcpy_w.o ABSOLUTE
    ../clib/memcpset.s                       0x00000000   Number         0  rt_memclr_w.o ABSOLUTE
    ../clib/signal.c                         0x00000000   Number         0  defsig_other.o ABSOLUTE
    ../clib/signal.c                         0x00000000   Number         0  defsig_segv_inner.o ABSOLUTE
    ../clib/signal.c                         0x00000000   Number         0  defsig_stak_inner.o ABSOLUTE
    ../clib/signal.c                         0x00000000   Number         0  defsig_rtmem_outer.o ABSOLUTE
    ../clib/signal.c                         0x00000000   Number         0  defsig_rtmem_inner.o ABSOLUTE
    ../clib/signal.c                         0x00000000   Number         0  defsig_exit.o ABSOLUTE
    ../clib/signal.c                         0x00000000   Number         0  defsig_rtmem_formal.o ABSOLUTE
    ../clib/signal.c                         0x00000000   Number         0  defsig_cppl_inner.o ABSOLUTE
    ../clib/signal.c                         0x00000000   Number         0  defsig_pvfn_inner.o ABSOLUTE
    ../clib/signal.c                         0x00000000   Number         0  defsig_abrt_inner.o ABSOLUTE
    ../clib/signal.c                         0x00000000   Number         0  defsig_fpe_inner.o ABSOLUTE
    ../clib/signal.c                         0x00000000   Number         0  defsig_rtred_inner.o ABSOLUTE
    ../clib/signal.c                         0x00000000   Number         0  __raise.o ABSOLUTE
    ../clib/signal.c                         0x00000000   Number         0  defsig_general.o ABSOLUTE
    ../clib/signal.s                         0x00000000   Number         0  defsig.o ABSOLUTE
    ../clib/stdlib.c                         0x00000000   Number         0  exit.o ABSOLUTE
    ../clib/stdlib.c                         0x00000000   Number         0  rand.o ABSOLUTE
    ../clib/stdlib.c                         0x00000000   Number         0  rand.o ABSOLUTE
    ../fplib/faddsub.s                       0x00000000   Number         0  faddsub_clz.o ABSOLUTE
    ../fplib/fdiv.s                          0x00000000   Number         0  fdiv.o ABSOLUTE
    ../fplib/ffixu.s                         0x00000000   Number         0  ffixu.o ABSOLUTE
    ../fplib/fflt.s                          0x00000000   Number         0  fflt_clz.o ABSOLUTE
    ../fplib/fmul.s                          0x00000000   Number         0  fmul.o ABSOLUTE
    ../fplib/fnaninf.s                       0x00000000   Number         0  fnaninf.o ABSOLUTE
    ../fplib/fpinit.s                        0x00000000   Number         0  fpinit.o ABSOLUTE
    ../fplib/fretinf.s                       0x00000000   Number         0  fretinf.o ABSOLUTE
    ../fplib/usenofp.s                       0x00000000   Number         0  usenofp.o ABSOLUTE
    Board\IERG3810_Buzzer.c                  0x00000000   Number         0  ierg3810_buzzer.o ABSOLUTE
    Board\IERG3810_Delay.c                   0x00000000   Number         0  ierg3810_delay.o ABSOLUTE
    Board\IERG3810_INTERRUPT.c               0x00000000   Number         0  ierg3810_interrupt.o ABSOLUTE
    Board\IERG3810_KEY.c                     0x00000000   Number         0  ierg3810_key.o ABSOLUTE
    Board\IERG3810_LED.c                     0x00000000   Number         0  ierg3810_led.o ABSOLUTE
    Board\IERG3810_MINI.c                    0x00000000   Number         0  ierg3810_mini.o ABSOLUTE
    Board\IERG3810_TFTLCD.c                  0x00000000   Number         0  ierg3810_tftlcd.o ABSOLUTE
    Board\IERG3810_TIMER.c                   0x00000000   Number         0  ierg3810_timer.o ABSOLUTE
    Board\IERG3810_USART1.c                  0x00000000   Number         0  ierg3810_usart1.o ABSOLUTE
    Board\IERG3810_USART2.c                  0x00000000   Number         0  ierg3810_usart2.o ABSOLUTE
    Board\IERG3810_USART_PRINT.c             0x00000000   Number         0  ierg3810_usart_print.o ABSOLUTE
    Board\IERG3810_clock.c                   0x00000000   Number         0  ierg3810_clock.o ABSOLUTE
    Core\\core_cm3.c                         0x00000000   Number         0  core_cm3.o ABSOLUTE
    Core\core_cm3.c                          0x00000000   Number         0  core_cm3.o ABSOLUTE
    Core\startup_stm32f10x_hd.s              0x00000000   Number         0  startup_stm32f10x_hd.o ABSOLUTE
    Core\system_stm32f10x.c                  0x00000000   Number         0  system_stm32f10x.o ABSOLUTE
    Fw_lib\src\misc.c                        0x00000000   Number         0  misc.o ABSOLUTE
    Fw_lib\src\stm32f10x_adc.c               0x00000000   Number         0  stm32f10x_adc.o ABSOLUTE
    Fw_lib\src\stm32f10x_bkp.c               0x00000000   Number         0  stm32f10x_bkp.o ABSOLUTE
    Fw_lib\src\stm32f10x_can.c               0x00000000   Number         0  stm32f10x_can.o ABSOLUTE
    Fw_lib\src\stm32f10x_cec.c               0x00000000   Number         0  stm32f10x_cec.o ABSOLUTE
    Fw_lib\src\stm32f10x_crc.c               0x00000000   Number         0  stm32f10x_crc.o ABSOLUTE
    Fw_lib\src\stm32f10x_dac.c               0x00000000   Number         0  stm32f10x_dac.o ABSOLUTE
    Fw_lib\src\stm32f10x_dbgmcu.c            0x00000000   Number         0  stm32f10x_dbgmcu.o ABSOLUTE
    Fw_lib\src\stm32f10x_dma.c               0x00000000   Number         0  stm32f10x_dma.o ABSOLUTE
    Fw_lib\src\stm32f10x_exti.c              0x00000000   Number         0  stm32f10x_exti.o ABSOLUTE
    Fw_lib\src\stm32f10x_flash.c             0x00000000   Number         0  stm32f10x_flash.o ABSOLUTE
    Fw_lib\src\stm32f10x_fsmc.c              0x00000000   Number         0  stm32f10x_fsmc.o ABSOLUTE
    Fw_lib\src\stm32f10x_gpio.c              0x00000000   Number         0  stm32f10x_gpio.o ABSOLUTE
    Fw_lib\src\stm32f10x_i2c.c               0x00000000   Number         0  stm32f10x_i2c.o ABSOLUTE
    Fw_lib\src\stm32f10x_iwdg.c              0x00000000   Number         0  stm32f10x_iwdg.o ABSOLUTE
    Fw_lib\src\stm32f10x_pwr.c               0x00000000   Number         0  stm32f10x_pwr.o ABSOLUTE
    Fw_lib\src\stm32f10x_rcc.c               0x00000000   Number         0  stm32f10x_rcc.o ABSOLUTE
    Fw_lib\src\stm32f10x_rtc.c               0x00000000   Number         0  stm32f10x_rtc.o ABSOLUTE
    Fw_lib\src\stm32f10x_sdio.c              0x00000000   Number         0  stm32f10x_sdio.o ABSOLUTE
    Fw_lib\src\stm32f10x_spi.c               0x00000000   Number         0  stm32f10x_spi.o ABSOLUTE
    Fw_lib\src\stm32f10x_tim.c               0x00000000   Number         0  stm32f10x_tim.o ABSOLUTE
    Fw_lib\src\stm32f10x_usart.c             0x00000000   Number         0  stm32f10x_usart.o ABSOLUTE
    Fw_lib\src\stm32f10x_wwdg.c              0x00000000   Number         0  stm32f10x_wwdg.o ABSOLUTE
    User\main.c                              0x00000000   Number         0  main.o ABSOLUTE
    User\stm32f10x_it.c                      0x00000000   Number         0  stm32f10x_it.o ABSOLUTE
    dc.s                                     0x00000000   Number         0  dc.o ABSOLUTE
    RESET                                    0x08000000   Section      304  startup_stm32f10x_hd.o(RESET)
    !!!main                                  0x08000130   Section        8  __main.o(!!!main)
    !!!scatter                               0x08000138   Section       52  __scatter.o(!!!scatter)
    !!dclz77c                                0x0800016c   Section      100  __dclz77c.o(!!dclz77c)
    !!handler_zi                             0x080001d0   Section       28  __scatter_zi.o(!!handler_zi)
    .ARM.Collect$$libinit$$00000000          0x080001ec   Section        2  libinit.o(.ARM.Collect$$libinit$$00000000)
    .ARM.Collect$$libinit$$00000002          0x080001ee   Section        0  libinit2.o(.ARM.Collect$$libinit$$00000002)
    .ARM.Collect$$libinit$$00000004          0x080001ee   Section        0  libinit2.o(.ARM.Collect$$libinit$$00000004)
    .ARM.Collect$$libinit$$00000005          0x080001ee   Section        8  libinit2.o(.ARM.Collect$$libinit$$00000005)
    .ARM.Collect$$libinit$$0000000A          0x080001f6   Section        0  libinit2.o(.ARM.Collect$$libinit$$0000000A)
    .ARM.Collect$$libinit$$0000000C          0x080001f6   Section        0  libinit2.o(.ARM.Collect$$libinit$$0000000C)
    .ARM.Collect$$libinit$$0000000D          0x080001f6   Section        4  libinit2.o(.ARM.Collect$$libinit$$0000000D)
    .ARM.Collect$$libinit$$0000000E          0x080001fa   Section        0  libinit2.o(.ARM.Collect$$libinit$$0000000E)
    .ARM.Collect$$libinit$$00000011          0x080001fa   Section        0  libinit2.o(.ARM.Collect$$libinit$$00000011)
    .ARM.Collect$$libinit$$00000013          0x080001fa   Section        0  libinit2.o(.ARM.Collect$$libinit$$00000013)
    .ARM.Collect$$libinit$$00000015          0x080001fa   Section        0  libinit2.o(.ARM.Collect$$libinit$$00000015)
    .ARM.Collect$$libinit$$00000017          0x080001fa   Section        0  libinit2.o(.ARM.Collect$$libinit$$00000017)
    .ARM.Collect$$libinit$$00000019          0x080001fa   Section        0  libinit2.o(.ARM.Collect$$libinit$$00000019)
    .ARM.Collect$$libinit$$0000001B          0x080001fa   Section        0  libinit2.o(.ARM.Collect$$libinit$$0000001B)
    .ARM.Collect$$libinit$$0000001D          0x080001fa   Section        0  libinit2.o(.ARM.Collect$$libinit$$0000001D)
    .ARM.Collect$$libinit$$0000001F          0x080001fa   Section        0  libinit2.o(.ARM.Collect$$libinit$$0000001F)
    .ARM.Collect$$libinit$$00000021          0x080001fa   Section        0  libinit2.o(.ARM.Collect$$libinit$$00000021)
    .ARM.Collect$$libinit$$00000023          0x080001fa   Section        0  libinit2.o(.ARM.Collect$$libinit$$00000023)
    .ARM.Collect$$libinit$$00000025          0x080001fa   Section        0  libinit2.o(.ARM.Collect$$libinit$$00000025)
    .ARM.Collect$$libinit$$0000002C          0x080001fa   Section        0  libinit2.o(.ARM.Collect$$libinit$$0000002C)
    .ARM.Collect$$libinit$$0000002E          0x080001fa   Section        0  libinit2.o(.ARM.Collect$$libinit$$0000002E)
    .ARM.Collect$$libinit$$00000030          0x080001fa   Section        0  libinit2.o(.ARM.Collect$$libinit$$00000030)
    .ARM.Collect$$libinit$$00000032          0x080001fa   Section        0  libinit2.o(.ARM.Collect$$libinit$$00000032)
    .ARM.Collect$$libinit$$00000033          0x080001fa   Section        2  libinit2.o(.ARM.Collect$$libinit$$00000033)
    .ARM.Collect$$libshutdown$$00000000      0x080001fc   Section        2  libshutdown.o(.ARM.Collect$$libshutdown$$00000000)
    .ARM.Collect$$libshutdown$$00000003      0x080001fe   Section        0  libshutdown2.o(.ARM.Collect$$libshutdown$$00000003)
    .ARM.Collect$$libshutdown$$00000006      0x080001fe   Section        0  libshutdown2.o(.ARM.Collect$$libshutdown$$00000006)
    .ARM.Collect$$libshutdown$$00000009      0x080001fe   Section        0  libshutdown2.o(.ARM.Collect$$libshutdown$$00000009)
    .ARM.Collect$$libshutdown$$0000000B      0x080001fe   Section        0  libshutdown2.o(.ARM.Collect$$libshutdown$$0000000B)
    .ARM.Collect$$libshutdown$$0000000E      0x080001fe   Section        0  libshutdown2.o(.ARM.Collect$$libshutdown$$0000000E)
    .ARM.Collect$$libshutdown$$0000000F      0x080001fe   Section        2  libshutdown2.o(.ARM.Collect$$libshutdown$$0000000F)
    .ARM.Collect$$rtentry$$00000000          0x08000200   Section        0  __rtentry.o(.ARM.Collect$$rtentry$$00000000)
    .ARM.Collect$$rtentry$$00000002          0x08000200   Section        0  __rtentry2.o(.ARM.Collect$$rtentry$$00000002)
    .ARM.Collect$$rtentry$$00000004          0x08000200   Section        6  __rtentry4.o(.ARM.Collect$$rtentry$$00000004)
    .ARM.Collect$$rtentry$$00000009          0x08000206   Section        0  __rtentry2.o(.ARM.Collect$$rtentry$$00000009)
    .ARM.Collect$$rtentry$$0000000A          0x08000206   Section        4  __rtentry2.o(.ARM.Collect$$rtentry$$0000000A)
    .ARM.Collect$$rtentry$$0000000C          0x0800020a   Section        0  __rtentry2.o(.ARM.Collect$$rtentry$$0000000C)
    .ARM.Collect$$rtentry$$0000000D          0x0800020a   Section        8  __rtentry2.o(.ARM.Collect$$rtentry$$0000000D)
    .ARM.Collect$$rtexit$$00000000           0x08000212   Section        2  rtexit.o(.ARM.Collect$$rtexit$$00000000)
    .ARM.Collect$$rtexit$$00000002           0x08000214   Section        0  rtexit2.o(.ARM.Collect$$rtexit$$00000002)
    .ARM.Collect$$rtexit$$00000003           0x08000214   Section        4  rtexit2.o(.ARM.Collect$$rtexit$$00000003)
    .ARM.Collect$$rtexit$$00000004           0x08000218   Section        6  rtexit2.o(.ARM.Collect$$rtexit$$00000004)
    .emb_text                                0x08000220   Section       52  rand.o(.emb_text)
    .emb_text                                0x08000254   Section        0  maybetermalloc1.o(.emb_text)
    .text                                    0x08000254   Section        0  system_stm32f10x.o(.text)
    SetSysClockTo72                          0x08000255   Thumb Code   214  system_stm32f10x.o(.text)
    SetSysClock                              0x0800032b   Thumb Code     8  system_stm32f10x.o(.text)
    .text                                    0x08000434   Section       64  startup_stm32f10x_hd.o(.text)
    .text                                    0x08000474   Section        0  ierg3810_buzzer.o(.text)
    .text                                    0x08000498   Section        0  ierg3810_clock.o(.text)
    .text                                    0x0800053c   Section        0  ierg3810_led.o(.text)
    .text                                    0x080005a8   Section        0  ierg3810_usart_print.o(.text)
    .text                                    0x08000600   Section        0  ierg3810_usart2.o(.text)
    .text                                    0x080006c4   Section        0  ierg3810_tftlcd.o(.text)
    .text                                    0x080015bc   Section        0  ierg3810_delay.o(.text)
    .text                                    0x080015c8   Section        0  ierg3810_interrupt.o(.text)
    .text                                    0x08001a08   Section        0  ierg3810_timer.o(.text)
    .text                                    0x08001f08   Section        0  ierg3810_mini.o(.text)
    .text                                    0x080025ec   Section        0  stm32f10x_it.o(.text)
    .text                                    0x08002614   Section        0  main.o(.text)
    .text                                    0x08004930   Section        0  calloc.o(.text)
    .text                                    0x08004958   Section        0  h1_alloc.o(.text)
    .text                                    0x080049b6   Section        0  h1_free.o(.text)
    .text                                    0x08004a04   Section        0  rand.o(.text)
    .text                                    0x08004a40   Section      100  rt_memcpy_w.o(.text)
    .text                                    0x08004aa4   Section        0  heapauxi.o(.text)
    .text                                    0x08004aac   Section        8  rt_heap_descriptor_intlibspace.o(.text)
    .text                                    0x08004ab4   Section        0  hguard.o(.text)
    .text                                    0x08004ab8   Section        0  init_alloc.o(.text)
    .text                                    0x08004b42   Section        0  h1_init.o(.text)
    .text                                    0x08004b50   Section       68  rt_memclr.o(.text)
    .text                                    0x08004b94   Section        8  libspace.o(.text)
    .text                                    0x08004b9c   Section        0  h1_extend.o(.text)
    .text                                    0x08004bd0   Section        0  defsig_rtmem_outer.o(.text)
    .text                                    0x08004bde   Section       78  rt_memclr_w.o(.text)
    .text                                    0x08004c2c   Section        2  use_no_semi.o(.text)
    .text                                    0x08004c2e   Section       74  sys_stackheap_outer.o(.text)
    .text                                    0x08004c2e   Section        0  indicate_semi.o(.text)
    .text                                    0x08004c78   Section        0  exit.o(.text)
    .text                                    0x08004c84   Section        0  defsig_exit.o(.text)
    .text                                    0x08004c90   Section        0  defsig_rtmem_inner.o(.text)
    .text                                    0x08004ce0   Section        0  sys_exit.o(.text)
    .text                                    0x08004cec   Section        0  defsig_general.o(.text)
    .text                                    0x08004d1e   Section        0  sys_wrch.o(.text)
    x$fpl$fadd                               0x08004d2c   Section      196  faddsub_clz.o(x$fpl$fadd)
    _fadd1                                   0x08004d3b   Thumb Code     0  faddsub_clz.o(x$fpl$fadd)
    x$fpl$fdiv                               0x08004df0   Section      388  fdiv.o(x$fpl$fdiv)
    _fdiv1                                   0x08004df1   Thumb Code     0  fdiv.o(x$fpl$fdiv)
    x$fpl$ffixu                              0x08004f74   Section       62  ffixu.o(x$fpl$ffixu)
    x$fpl$ffltu                              0x08004fb4   Section       38  fflt_clz.o(x$fpl$ffltu)
    x$fpl$fmul                               0x08004fdc   Section      258  fmul.o(x$fpl$fmul)
    x$fpl$fnaninf                            0x080050de   Section      140  fnaninf.o(x$fpl$fnaninf)
    x$fpl$fretinf                            0x0800516a   Section       10  fretinf.o(x$fpl$fretinf)
    x$fpl$frsb                               0x08005174   Section       20  faddsub_clz.o(x$fpl$frsb)
    x$fpl$fsub                               0x08005188   Section      234  faddsub_clz.o(x$fpl$fsub)
    _fsub1                                   0x08005197   Thumb Code     0  faddsub_clz.o(x$fpl$fsub)
    x$fpl$usenofp                            0x08005272   Section        0  usenofp.o(x$fpl$usenofp)
    .constdata                               0x08005274   Section     1944  ierg3810_tftlcd.o(.constdata)
    .constdata                               0x08005a0c   Section     1540  main.o(.constdata)
    .data                                    0x20000000   Section       20  system_stm32f10x.o(.data)
    .data                                    0x20000014   Section    60000  ierg3810_tftlcd.o(.data)
    .data                                    0x2000ea74   Section       32  ierg3810_interrupt.o(.data)
    .data                                    0x2000ea94   Section        3  ierg3810_timer.o(.data)
    .data                                    0x2000ea97   Section      180  ierg3810_mini.o(.data)
    .data                                    0x2000eb4c   Section       77  main.o(.data)
    .bss                                     0x2000eb9c   Section      228  rand.o(.bss)
    .bss                                     0x2000ec80   Section       96  libspace.o(.bss)
    HEAP                                     0x2000ece0   Section      512  startup_stm32f10x_hd.o(HEAP)
    Heap_Mem                                 0x2000ece0   Data         512  startup_stm32f10x_hd.o(HEAP)
    STACK                                    0x2000eee0   Section     1024  startup_stm32f10x_hd.o(STACK)
    Stack_Mem                                0x2000eee0   Data        1024  startup_stm32f10x_hd.o(STACK)
    __initial_sp                             0x2000f2e0   Data           0  startup_stm32f10x_hd.o(STACK)

    Global Symbols

    Symbol Name                              Value     Ov Type        Size  Object(Section)

    BuildAttributes$$THM_ISAv4$P$D$K$B$S$PE$A:L22UL41UL21$X:L11$S22US41US21$IEEE1$IW$USESV6$~STKCKD$USESV7$~SHL$OTIME$ROPI$EBA8$UX$STANDARDLIB$REQ8$PRES8$EABIv2 0x00000000   Number         0  anon$$obj.o ABSOLUTE
    __ARM_use_no_argv                        0x00000000   Number         0  main.o ABSOLUTE
    __ARM_exceptions_init                     - Undefined Weak Reference
    __alloca_initialize                       - Undefined Weak Reference
    __arm_preinit_                            - Undefined Weak Reference
    __cpp_initialize__aeabi_                  - Undefined Weak Reference
    __cxa_finalize                            - Undefined Weak Reference
    __rt_locale                               - Undefined Weak Reference
    __sigvec_lookup                           - Undefined Weak Reference
    __user_heap_extent                        - Undefined Weak Reference
    _atexit_init                              - Undefined Weak Reference
    _call_atexit_fns                          - Undefined Weak Reference
    _clock_init                               - Undefined Weak Reference
    _fp_trap_init                             - Undefined Weak Reference
    _fp_trap_shutdown                         - Undefined Weak Reference
    _get_lc_collate                           - Undefined Weak Reference
    _get_lc_ctype                             - Undefined Weak Reference
    _get_lc_monetary                          - Undefined Weak Reference
    _get_lc_numeric                           - Undefined Weak Reference
    _get_lc_time                              - Undefined Weak Reference
    _getenv_init                              - Undefined Weak Reference
    _handle_redirection                       - Undefined Weak Reference
    _initio                                   - Undefined Weak Reference
    _mutex_acquire                            - Undefined Weak Reference
    _mutex_free                               - Undefined Weak Reference
    _mutex_release                            - Undefined Weak Reference
    _signal_finish                            - Undefined Weak Reference
    _signal_init                              - Undefined Weak Reference
    _terminateio                              - Undefined Weak Reference
    __Vectors_Size                           0x00000130   Number         0  startup_stm32f10x_hd.o ABSOLUTE
    __Vectors                                0x08000000   Data           4  startup_stm32f10x_hd.o(RESET)
    __Vectors_End                            0x08000130   Data           0  startup_stm32f10x_hd.o(RESET)
    __main                                   0x08000131   Thumb Code     8  __main.o(!!!main)
    __scatterload                            0x08000139   Thumb Code     0  __scatter.o(!!!scatter)
    __scatterload_rt2                        0x08000139   Thumb Code    44  __scatter.o(!!!scatter)
    __scatterload_rt2_thumb_only             0x08000139   Thumb Code     0  __scatter.o(!!!scatter)
    __scatterload_null                       0x08000147   Thumb Code     0  __scatter.o(!!!scatter)
    __decompress                             0x0800016d   Thumb Code   100  __dclz77c.o(!!dclz77c)
    __decompress2                            0x0800016d   Thumb Code     0  __dclz77c.o(!!dclz77c)
    __scatterload_zeroinit                   0x080001d1   Thumb Code    28  __scatter_zi.o(!!handler_zi)
    __rt_lib_init                            0x080001ed   Thumb Code     0  libinit.o(.ARM.Collect$$libinit$$00000000)
    __rt_lib_init_fp_1                       0x080001ef   Thumb Code     0  libinit2.o(.ARM.Collect$$libinit$$00000002)
    __rt_lib_init_heap_2                     0x080001ef   Thumb Code     0  libinit2.o(.ARM.Collect$$libinit$$00000005)
    __rt_lib_init_preinit_1                  0x080001ef   Thumb Code     0  libinit2.o(.ARM.Collect$$libinit$$00000004)
    __rt_lib_init_heap_1                     0x080001f7   Thumb Code     0  libinit2.o(.ARM.Collect$$libinit$$0000000A)
    __rt_lib_init_rand_2                     0x080001f7   Thumb Code     0  libinit2.o(.ARM.Collect$$libinit$$0000000D)
    __rt_lib_init_user_alloc_1               0x080001f7   Thumb Code     0  libinit2.o(.ARM.Collect$$libinit$$0000000C)
    __rt_lib_init_alloca_1                   0x080001fb   Thumb Code     0  libinit2.o(.ARM.Collect$$libinit$$0000002E)
    __rt_lib_init_argv_1                     0x080001fb   Thumb Code     0  libinit2.o(.ARM.Collect$$libinit$$0000002C)
    __rt_lib_init_atexit_1                   0x080001fb   Thumb Code     0  libinit2.o(.ARM.Collect$$libinit$$0000001B)
    __rt_lib_init_clock_1                    0x080001fb   Thumb Code     0  libinit2.o(.ARM.Collect$$libinit$$00000021)
    __rt_lib_init_cpp_1                      0x080001fb   Thumb Code     0  libinit2.o(.ARM.Collect$$libinit$$00000032)
    __rt_lib_init_exceptions_1               0x080001fb   Thumb Code     0  libinit2.o(.ARM.Collect$$libinit$$00000030)
    __rt_lib_init_fp_trap_1                  0x080001fb   Thumb Code     0  libinit2.o(.ARM.Collect$$libinit$$0000001F)
    __rt_lib_init_getenv_1                   0x080001fb   Thumb Code     0  libinit2.o(.ARM.Collect$$libinit$$00000023)
    __rt_lib_init_lc_collate_1               0x080001fb   Thumb Code     0  libinit2.o(.ARM.Collect$$libinit$$00000011)
    __rt_lib_init_lc_ctype_1                 0x080001fb   Thumb Code     0  libinit2.o(.ARM.Collect$$libinit$$00000013)
    __rt_lib_init_lc_monetary_1              0x080001fb   Thumb Code     0  libinit2.o(.ARM.Collect$$libinit$$00000015)
    __rt_lib_init_lc_numeric_1               0x080001fb   Thumb Code     0  libinit2.o(.ARM.Collect$$libinit$$00000017)
    __rt_lib_init_lc_time_1                  0x080001fb   Thumb Code     0  libinit2.o(.ARM.Collect$$libinit$$00000019)
    __rt_lib_init_rand_1                     0x080001fb   Thumb Code     0  libinit2.o(.ARM.Collect$$libinit$$0000000E)
    __rt_lib_init_return                     0x080001fb   Thumb Code     0  libinit2.o(.ARM.Collect$$libinit$$00000033)
    __rt_lib_init_signal_1                   0x080001fb   Thumb Code     0  libinit2.o(.ARM.Collect$$libinit$$0000001D)
    __rt_lib_init_stdio_1                    0x080001fb   Thumb Code     0  libinit2.o(.ARM.Collect$$libinit$$00000025)
    __rt_lib_shutdown                        0x080001fd   Thumb Code     0  libshutdown.o(.ARM.Collect$$libshutdown$$00000000)
    __rt_lib_shutdown_fp_trap_1              0x080001ff   Thumb Code     0  libshutdown2.o(.ARM.Collect$$libshutdown$$00000006)
    __rt_lib_shutdown_heap_1                 0x080001ff   Thumb Code     0  libshutdown2.o(.ARM.Collect$$libshutdown$$0000000E)
    __rt_lib_shutdown_return                 0x080001ff   Thumb Code     0  libshutdown2.o(.ARM.Collect$$libshutdown$$0000000F)
    __rt_lib_shutdown_signal_1               0x080001ff   Thumb Code     0  libshutdown2.o(.ARM.Collect$$libshutdown$$00000009)
    __rt_lib_shutdown_stdio_1                0x080001ff   Thumb Code     0  libshutdown2.o(.ARM.Collect$$libshutdown$$00000003)
    __rt_lib_shutdown_user_alloc_1           0x080001ff   Thumb Code     0  libshutdown2.o(.ARM.Collect$$libshutdown$$0000000B)
    __rt_entry                               0x08000201   Thumb Code     0  __rtentry.o(.ARM.Collect$$rtentry$$00000000)
    __rt_entry_presh_1                       0x08000201   Thumb Code     0  __rtentry2.o(.ARM.Collect$$rtentry$$00000002)
    __rt_entry_sh                            0x08000201   Thumb Code     0  __rtentry4.o(.ARM.Collect$$rtentry$$00000004)
    __rt_entry_li                            0x08000207   Thumb Code     0  __rtentry2.o(.ARM.Collect$$rtentry$$0000000A)
    __rt_entry_postsh_1                      0x08000207   Thumb Code     0  __rtentry2.o(.ARM.Collect$$rtentry$$00000009)
    __rt_entry_main                          0x0800020b   Thumb Code     0  __rtentry2.o(.ARM.Collect$$rtentry$$0000000D)
    __rt_entry_postli_1                      0x0800020b   Thumb Code     0  __rtentry2.o(.ARM.Collect$$rtentry$$0000000C)
    __rt_exit                                0x08000213   Thumb Code     0  rtexit.o(.ARM.Collect$$rtexit$$00000000)
    __rt_exit_ls                             0x08000215   Thumb Code     0  rtexit2.o(.ARM.Collect$$rtexit$$00000003)
    __rt_exit_prels_1                        0x08000215   Thumb Code     0  rtexit2.o(.ARM.Collect$$rtexit$$00000002)
    __rt_exit_exit                           0x08000219   Thumb Code     0  rtexit2.o(.ARM.Collect$$rtexit$$00000004)
    rand                                     0x08000221   Thumb Code    48  rand.o(.emb_text)
    _maybe_terminate_alloc                   0x08000255   Thumb Code     0  maybetermalloc1.o(.emb_text)
    SystemInit                               0x08000333   Thumb Code    78  system_stm32f10x.o(.text)
    SystemCoreClockUpdate                    0x08000381   Thumb Code   142  system_stm32f10x.o(.text)
    Reset_Handler                            0x08000435   Thumb Code     8  startup_stm32f10x_hd.o(.text)
    ADC1_2_IRQHandler                        0x0800044f   Thumb Code     0  startup_stm32f10x_hd.o(.text)
    ADC3_IRQHandler                          0x0800044f   Thumb Code     0  startup_stm32f10x_hd.o(.text)
    CAN1_RX1_IRQHandler                      0x0800044f   Thumb Code     0  startup_stm32f10x_hd.o(.text)
    CAN1_SCE_IRQHandler                      0x0800044f   Thumb Code     0  startup_stm32f10x_hd.o(.text)
    DMA1_Channel1_IRQHandler                 0x0800044f   Thumb Code     0  startup_stm32f10x_hd.o(.text)
    DMA1_Channel2_IRQHandler                 0x0800044f   Thumb Code     0  startup_stm32f10x_hd.o(.text)
    DMA1_Channel3_IRQHandler                 0x0800044f   Thumb Code     0  startup_stm32f10x_hd.o(.text)
    DMA1_Channel4_IRQHandler                 0x0800044f   Thumb Code     0  startup_stm32f10x_hd.o(.text)
    DMA1_Channel5_IRQHandler                 0x0800044f   Thumb Code     0  startup_stm32f10x_hd.o(.text)
    DMA1_Channel6_IRQHandler                 0x0800044f   Thumb Code     0  startup_stm32f10x_hd.o(.text)
    DMA1_Channel7_IRQHandler                 0x0800044f   Thumb Code     0  startup_stm32f10x_hd.o(.text)
    DMA2_Channel1_IRQHandler                 0x0800044f   Thumb Code     0  startup_stm32f10x_hd.o(.text)
    DMA2_Channel2_IRQHandler                 0x0800044f   Thumb Code     0  startup_stm32f10x_hd.o(.text)
    DMA2_Channel3_IRQHandler                 0x0800044f   Thumb Code     0  startup_stm32f10x_hd.o(.text)
    DMA2_Channel4_5_IRQHandler               0x0800044f   Thumb Code     0  startup_stm32f10x_hd.o(.text)
    EXTI1_IRQHandler                         0x0800044f   Thumb Code     0  startup_stm32f10x_hd.o(.text)
    EXTI3_IRQHandler                         0x0800044f   Thumb Code     0  startup_stm32f10x_hd.o(.text)
    EXTI4_IRQHandler                         0x0800044f   Thumb Code     0  startup_stm32f10x_hd.o(.text)
    EXTI9_5_IRQHandler                       0x0800044f   Thumb Code     0  startup_stm32f10x_hd.o(.text)
    FLASH_IRQHandler                         0x0800044f   Thumb Code     0  startup_stm32f10x_hd.o(.text)
    FSMC_IRQHandler                          0x0800044f   Thumb Code     0  startup_stm32f10x_hd.o(.text)
    I2C1_ER_IRQHandler                       0x0800044f   Thumb Code     0  startup_stm32f10x_hd.o(.text)
    I2C1_EV_IRQHandler                       0x0800044f   Thumb Code     0  startup_stm32f10x_hd.o(.text)
    I2C2_ER_IRQHandler                       0x0800044f   Thumb Code     0  startup_stm32f10x_hd.o(.text)
    I2C2_EV_IRQHandler                       0x0800044f   Thumb Code     0  startup_stm32f10x_hd.o(.text)
    PVD_IRQHandler                           0x0800044f   Thumb Code     0  startup_stm32f10x_hd.o(.text)
    RCC_IRQHandler                           0x0800044f   Thumb Code     0  startup_stm32f10x_hd.o(.text)
    RTCAlarm_IRQHandler                      0x0800044f   Thumb Code     0  startup_stm32f10x_hd.o(.text)
    RTC_IRQHandler                           0x0800044f   Thumb Code     0  startup_stm32f10x_hd.o(.text)
    SDIO_IRQHandler                          0x0800044f   Thumb Code     0  startup_stm32f10x_hd.o(.text)
    SPI1_IRQHandler                          0x0800044f   Thumb Code     0  startup_stm32f10x_hd.o(.text)
    SPI2_IRQHandler                          0x0800044f   Thumb Code     0  startup_stm32f10x_hd.o(.text)
    SPI3_IRQHandler                          0x0800044f   Thumb Code     0  startup_stm32f10x_hd.o(.text)
    TAMPER_IRQHandler                        0x0800044f   Thumb Code     0  startup_stm32f10x_hd.o(.text)
    TIM1_BRK_IRQHandler                      0x0800044f   Thumb Code     0  startup_stm32f10x_hd.o(.text)
    TIM1_CC_IRQHandler                       0x0800044f   Thumb Code     0  startup_stm32f10x_hd.o(.text)
    TIM1_TRG_COM_IRQHandler                  0x0800044f   Thumb Code     0  startup_stm32f10x_hd.o(.text)
    TIM1_UP_IRQHandler                       0x0800044f   Thumb Code     0  startup_stm32f10x_hd.o(.text)
    TIM2_IRQHandler                          0x0800044f   Thumb Code     0  startup_stm32f10x_hd.o(.text)
    TIM5_IRQHandler                          0x0800044f   Thumb Code     0  startup_stm32f10x_hd.o(.text)
    TIM6_IRQHandler                          0x0800044f   Thumb Code     0  startup_stm32f10x_hd.o(.text)
    TIM7_IRQHandler                          0x0800044f   Thumb Code     0  startup_stm32f10x_hd.o(.text)
    TIM8_BRK_IRQHandler                      0x0800044f   Thumb Code     0  startup_stm32f10x_hd.o(.text)
    TIM8_CC_IRQHandler                       0x0800044f   Thumb Code     0  startup_stm32f10x_hd.o(.text)
    TIM8_TRG_COM_IRQHandler                  0x0800044f   Thumb Code     0  startup_stm32f10x_hd.o(.text)
    TIM8_UP_IRQHandler                       0x0800044f   Thumb Code     0  startup_stm32f10x_hd.o(.text)
    UART4_IRQHandler                         0x0800044f   Thumb Code     0  startup_stm32f10x_hd.o(.text)
    UART5_IRQHandler                         0x0800044f   Thumb Code     0  startup_stm32f10x_hd.o(.text)
    USART1_IRQHandler                        0x0800044f   Thumb Code     0  startup_stm32f10x_hd.o(.text)
    USART2_IRQHandler                        0x0800044f   Thumb Code     0  startup_stm32f10x_hd.o(.text)
    USART3_IRQHandler                        0x0800044f   Thumb Code     0  startup_stm32f10x_hd.o(.text)
    USBWakeUp_IRQHandler                     0x0800044f   Thumb Code     0  startup_stm32f10x_hd.o(.text)
    USB_HP_CAN1_TX_IRQHandler                0x0800044f   Thumb Code     0  startup_stm32f10x_hd.o(.text)
    USB_LP_CAN1_RX0_IRQHandler               0x0800044f   Thumb Code     0  startup_stm32f10x_hd.o(.text)
    WWDG_IRQHandler                          0x0800044f   Thumb Code     0  startup_stm32f10x_hd.o(.text)
    __user_initial_stackheap                 0x08000451   Thumb Code     0  startup_stm32f10x_hd.o(.text)
    IERG3810_Buzzer_Init                     0x08000475   Thumb Code    32  ierg3810_buzzer.o(.text)
    IERG3810_clock_tree_init                 0x08000499   Thumb Code   146  ierg3810_clock.o(.text)
    IERG3810_LED_Init                        0x0800053d   Thumb Code    94  ierg3810_led.o(.text)
    USART_print                              0x080005a9   Thumb Code    80  ierg3810_usart_print.o(.text)
    IERG3810_USART2_init                     0x08000601   Thumb Code   180  ierg3810_usart2.o(.text)
    IERG3810_TFTLCD_WrData                   0x080006c5   Thumb Code     6  ierg3810_tftlcd.o(.text)
    IERG3810_TFTLCD_WrReg                    0x080006cb   Thumb Code     8  ierg3810_tftlcd.o(.text)
    Print_Image_Basic                        0x080006d3   Thumb Code   356  ierg3810_tftlcd.o(.text)
    IERG3810_TFTLCD_SetParameter             0x08000837   Thumb Code    46  ierg3810_tftlcd.o(.text)
    IERG3810_TFTLCD_Init                     0x08000865   Thumb Code   344  ierg3810_tftlcd.o(.text)
    IERG3810_TFTLCD_DrawDot                  0x080009bd   Thumb Code    80  ierg3810_tftlcd.o(.text)
    IERG3810_TFTLCD_FillRectangle            0x08000a0d   Thumb Code   118  ierg3810_tftlcd.o(.text)
    IERG3810_TFTLCD_ShowChar                 0x08000a83   Thumb Code   312  ierg3810_tftlcd.o(.text)
    IERG3810_TFTLCD_DrawPic                  0x08000bbb   Thumb Code   162  ierg3810_tftlcd.o(.text)
    IERG3810_TFTLCD_DrawPic2                 0x08000c5d   Thumb Code   162  ierg3810_tftlcd.o(.text)
    IERG3810_TFTLCD_DrawDotPic               0x08000cff   Thumb Code   224  ierg3810_tftlcd.o(.text)
    IERG3810_TFTLCD_DrawColorPic             0x08000ddf   Thumb Code   138  ierg3810_tftlcd.o(.text)
    IERG3810_TFTLCD_SevenSegment1            0x08000e69   Thumb Code  1528  ierg3810_tftlcd.o(.text)
    IERG3810_TFTLCD_SevenSegment             0x08001461   Thumb Code   114  ierg3810_tftlcd.o(.text)
    IERG3810_TFTLCD_ShowChiChar              0x080014d3   Thumb Code   202  ierg3810_tftlcd.o(.text)
    IERG3810_EXP3_clear                      0x0800159d   Thumb Code    22  ierg3810_tftlcd.o(.text)
    Delay                                    0x080015bd   Thumb Code    12  ierg3810_delay.o(.text)
    IERG3810_while_content                   0x080015c9   Thumb Code    46  ierg3810_interrupt.o(.text)
    EXTI2_IRQHandler                         0x080015f7   Thumb Code    48  ierg3810_interrupt.o(.text)
    EXTI0_IRQHandler                         0x08001627   Thumb Code    48  ierg3810_interrupt.o(.text)
    IERG3810_NVIC_SetPriorityGroup           0x08001657   Thumb Code    30  ierg3810_interrupt.o(.text)
    IERG3810_key2_ExtiInit                   0x08001675   Thumb Code   144  ierg3810_interrupt.o(.text)
    IERG3810_keyUP_ExtiInit                  0x08001705   Thumb Code   134  ierg3810_interrupt.o(.text)
    IERG3810_PS2key_ExtiInit                 0x0800178b   Thumb Code   164  ierg3810_interrupt.o(.text)
    TRIGGER_BY_KEYPAD                        0x0800182f   Thumb Code   250  ierg3810_interrupt.o(.text)
    EXTI15_10_IRQHandler                     0x08001929   Thumb Code   224  ierg3810_interrupt.o(.text)
    TIM3_IRQHandler                          0x08001a09   Thumb Code    18  ierg3810_timer.o(.text)
    TIM4_IRQHandler                          0x08001a1b   Thumb Code    36  ierg3810_timer.o(.text)
    IERG3810_TIM3_Init                       0x08001a3f   Thumb Code    78  ierg3810_timer.o(.text)
    IERG3810_TIM4_Init                       0x08001a8d   Thumb Code    80  ierg3810_timer.o(.text)
    IERG3810_SYSTICK_Init10ms                0x08001add   Thumb Code    44  ierg3810_timer.o(.text)
    IERG3810_TIM3_PwmInit                    0x08001b09   Thumb Code   152  ierg3810_timer.o(.text)
    IERG3810_TIM3_PwmInit_2                  0x08001ba1   Thumb Code   284  ierg3810_timer.o(.text)
    DS0_turnOff                              0x08001cbd   Thumb Code    10  ierg3810_timer.o(.text)
    DS0_turnOff2                             0x08001cc7   Thumb Code     8  ierg3810_timer.o(.text)
    IERG3810_EXP_5_6                         0x08001ccf   Thumb Code    80  ierg3810_timer.o(.text)
    IERG3810_PWM_DIR_EQUAL                   0x08001d1f   Thumb Code    58  ierg3810_timer.o(.text)
    IERG3810_PWM_DIR_EQUAL_2                 0x08001d59   Thumb Code   232  ierg3810_timer.o(.text)
    IERG3810_EXP_5_7_TASK1                   0x08001e41   Thumb Code    74  ierg3810_timer.o(.text)
    IERG3810_EXP_5_7_TASK2                   0x08001e8b   Thumb Code   124  ierg3810_timer.o(.text)
    pacStInit                                0x08001f09   Thumb Code    24  ierg3810_mini.o(.text)
    setByValueII                             0x08001f21   Thumb Code    36  ierg3810_mini.o(.text)
    mapInfoInit                              0x08001f45   Thumb Code   266  ierg3810_mini.o(.text)
    setAxis                                  0x0800204f   Thumb Code    42  ierg3810_mini.o(.text)
    checkWall                                0x08002079   Thumb Code    34  ierg3810_mini.o(.text)
    specialSetAxis                           0x0800209b   Thumb Code    46  ierg3810_mini.o(.text)
    checkEdgeAndDir                          0x080020c9   Thumb Code    80  ierg3810_mini.o(.text)
    pacLocUpdateII                           0x08002119   Thumb Code   104  ierg3810_mini.o(.text)
    pacLocUpdate                             0x08002181   Thumb Code   132  ierg3810_mini.o(.text)
    mapInfoUpdate                            0x08002205   Thumb Code   470  ierg3810_mini.o(.text)
    printMapInfo                             0x080023db   Thumb Code   502  ierg3810_mini.o(.text)
    NMI_Handler                              0x080025ed   Thumb Code     2  stm32f10x_it.o(.text)
    HardFault_Handler                        0x080025ef   Thumb Code     4  stm32f10x_it.o(.text)
    MemManage_Handler                        0x080025f3   Thumb Code     4  stm32f10x_it.o(.text)
    BusFault_Handler                         0x080025f7   Thumb Code     4  stm32f10x_it.o(.text)
    UsageFault_Handler                       0x080025fb   Thumb Code     4  stm32f10x_it.o(.text)
    SVC_Handler                              0x080025ff   Thumb Code     2  stm32f10x_it.o(.text)
    DebugMon_Handler                         0x08002601   Thumb Code     2  stm32f10x_it.o(.text)
    PendSV_Handler                           0x08002603   Thumb Code     2  stm32f10x_it.o(.text)
    SysTick_Handler                          0x08002605   Thumb Code    12  stm32f10x_it.o(.text)
    isPassingEdgeII                          0x08002615   Thumb Code   128  main.o(.text)
    setAxis2II                               0x08002695   Thumb Code   100  main.o(.text)
    notWallII                                0x080026f9   Thumb Code   140  main.o(.text)
    testing                                  0x08002785   Thumb Code   130  main.o(.text)
    ranInit                                  0x08002807   Thumb Code    38  main.o(.text)
    gosAdd                                   0x0800282d   Thumb Code    48  main.o(.text)
    gosCluInit                               0x0800285d   Thumb Code    44  main.o(.text)
    beanAdd                                  0x08002889   Thumb Code    48  main.o(.text)
    beanInit                                 0x080028b9   Thumb Code    44  main.o(.text)
    main                                     0x080028e5   Thumb Code  5958  main.o(.text)
    getShortestPath4In1                      0x0800402b   Thumb Code   226  main.o(.text)
    IsInSameScope                            0x0800410d   Thumb Code   200  main.o(.text)
    loc2VertII                               0x080041d5   Thumb Code    60  main.o(.text)
    oppDirII                                 0x08004211   Thumb Code    30  main.o(.text)
    specialSetAxisII                         0x0800422f   Thumb Code    42  main.o(.text)
    subAddPath2BriefII                       0x08004259   Thumb Code   276  main.o(.text)
    addPath2BriefII                          0x0800436d   Thumb Code   322  main.o(.text)
    IsGosOnVert                              0x080044af   Thumb Code   264  main.o(.text)
    IsPacOnVert                              0x080045b7   Thumb Code   166  main.o(.text)
    requestShortestPathDir                   0x0800465d   Thumb Code   334  main.o(.text)
    testing4                                 0x080047ab   Thumb Code    40  main.o(.text)
    gosCluUpdate                             0x080047d3   Thumb Code   268  main.o(.text)
    escapeDir                                0x080048df   Thumb Code    38  main.o(.text)
    setLoc                                   0x08004905   Thumb Code    22  main.o(.text)
    calloc                                   0x08004931   Thumb Code    40  calloc.o(.text)
    malloc                                   0x08004959   Thumb Code    94  h1_alloc.o(.text)
    free                                     0x080049b7   Thumb Code    78  h1_free.o(.text)
    srand                                    0x08004a05   Thumb Code    42  rand.o(.text)
    _rand_init                               0x08004a2f   Thumb Code     4  rand.o(.text)
    __aeabi_memcpy4                          0x08004a41   Thumb Code     0  rt_memcpy_w.o(.text)
    __aeabi_memcpy8                          0x08004a41   Thumb Code     0  rt_memcpy_w.o(.text)
    __rt_memcpy_w                            0x08004a41   Thumb Code   100  rt_memcpy_w.o(.text)
    _memcpy_lastbytes_aligned                0x08004a89   Thumb Code     0  rt_memcpy_w.o(.text)
    __use_two_region_memory                  0x08004aa5   Thumb Code     2  heapauxi.o(.text)
    __rt_heap_escrow                         0x08004aa7   Thumb Code     2  heapauxi.o(.text)
    __rt_heap_expand                         0x08004aa9   Thumb Code     2  heapauxi.o(.text)
    __rt_heap_descriptor                     0x08004aad   Thumb Code     8  rt_heap_descriptor_intlibspace.o(.text)
    __use_no_heap                            0x08004ab5   Thumb Code     2  hguard.o(.text)
    __heap$guard                             0x08004ab7   Thumb Code     2  hguard.o(.text)
    _terminate_user_alloc                    0x08004ab9   Thumb Code     2  init_alloc.o(.text)
    _init_user_alloc                         0x08004abb   Thumb Code     2  init_alloc.o(.text)
    __Heap_Full                              0x08004abd   Thumb Code    34  init_alloc.o(.text)
    __Heap_Broken                            0x08004adf   Thumb Code     6  init_alloc.o(.text)
    _init_alloc                              0x08004ae5   Thumb Code    94  init_alloc.o(.text)
    __Heap_Initialize                        0x08004b43   Thumb Code    10  h1_init.o(.text)
    __Heap_DescSize                          0x08004b4d   Thumb Code     4  h1_init.o(.text)
    __aeabi_memclr                           0x08004b51   Thumb Code     0  rt_memclr.o(.text)
    __rt_memclr                              0x08004b51   Thumb Code    68  rt_memclr.o(.text)
    _memset                                  0x08004b55   Thumb Code     0  rt_memclr.o(.text)
    __user_libspace                          0x08004b95   Thumb Code     8  libspace.o(.text)
    __user_perproc_libspace                  0x08004b95   Thumb Code     0  libspace.o(.text)
    __user_perthread_libspace                0x08004b95   Thumb Code     0  libspace.o(.text)
    __Heap_ProvideMemory                     0x08004b9d   Thumb Code    52  h1_extend.o(.text)
    __rt_SIGRTMEM                            0x08004bd1   Thumb Code    14  defsig_rtmem_outer.o(.text)
    __aeabi_memclr4                          0x08004bdf   Thumb Code     0  rt_memclr_w.o(.text)
    __aeabi_memclr8                          0x08004bdf   Thumb Code     0  rt_memclr_w.o(.text)
    __rt_memclr_w                            0x08004bdf   Thumb Code    78  rt_memclr_w.o(.text)
    _memset_w                                0x08004be3   Thumb Code     0  rt_memclr_w.o(.text)
    __I$use$semihosting                      0x08004c2d   Thumb Code     0  use_no_semi.o(.text)
    __use_no_semihosting_swi                 0x08004c2d   Thumb Code     2  use_no_semi.o(.text)
    __semihosting_library_function           0x08004c2f   Thumb Code     0  indicate_semi.o(.text)
    __user_setup_stackheap                   0x08004c2f   Thumb Code    74  sys_stackheap_outer.o(.text)
    exit                                     0x08004c79   Thumb Code    12  exit.o(.text)
    __sig_exit                               0x08004c85   Thumb Code    10  defsig_exit.o(.text)
    __rt_SIGRTMEM_inner                      0x08004c91   Thumb Code    22  defsig_rtmem_inner.o(.text)
    _sys_exit                                0x08004ce1   Thumb Code     8  sys_exit.o(.text)
    __default_signal_display                 0x08004ced   Thumb Code    50  defsig_general.o(.text)
    _ttywrch                                 0x08004d1f   Thumb Code    14  sys_wrch.o(.text)
    __aeabi_fadd                             0x08004d2d   Thumb Code     0  faddsub_clz.o(x$fpl$fadd)
    _fadd                                    0x08004d2d   Thumb Code   196  faddsub_clz.o(x$fpl$fadd)
    __aeabi_fdiv                             0x08004df1   Thumb Code     0  fdiv.o(x$fpl$fdiv)
    _fdiv                                    0x08004df1   Thumb Code   384  fdiv.o(x$fpl$fdiv)
    __aeabi_f2uiz                            0x08004f75   Thumb Code     0  ffixu.o(x$fpl$ffixu)
    _ffixu                                   0x08004f75   Thumb Code    62  ffixu.o(x$fpl$ffixu)
    __aeabi_ui2f                             0x08004fb5   Thumb Code     0  fflt_clz.o(x$fpl$ffltu)
    _ffltu                                   0x08004fb5   Thumb Code    38  fflt_clz.o(x$fpl$ffltu)
    __aeabi_fmul                             0x08004fdd   Thumb Code     0  fmul.o(x$fpl$fmul)
    _fmul                                    0x08004fdd   Thumb Code   258  fmul.o(x$fpl$fmul)
    __fpl_fnaninf                            0x080050df   Thumb Code   140  fnaninf.o(x$fpl$fnaninf)
    __fpl_fretinf                            0x0800516b   Thumb Code    10  fretinf.o(x$fpl$fretinf)
    __aeabi_frsub                            0x08005175   Thumb Code     0  faddsub_clz.o(x$fpl$frsb)
    _frsb                                    0x08005175   Thumb Code    20  faddsub_clz.o(x$fpl$frsb)
    __aeabi_fsub                             0x08005189   Thumb Code     0  faddsub_clz.o(x$fpl$fsub)
    _fsub                                    0x08005189   Thumb Code   234  faddsub_clz.o(x$fpl$fsub)
    __I$use$fp                               0x08005272   Number         0  usenofp.o(x$fpl$usenofp)
    asc2_1608                                0x08005274   Data        1520  ierg3810_tftlcd.o(.constdata)
    asc2_1616                                0x08005864   Data         320  ierg3810_tftlcd.o(.constdata)
    map3                                     0x08005a0c   Data         360  main.o(.constdata)
    map4                                     0x08005b74   Data         180  main.o(.constdata)
    tableFull                                0x08005c28   Data         800  main.o(.constdata)
    tableBrief                               0x08005f48   Data         200  main.o(.constdata)
    Region$$Table$$Base                      0x08006010   Number         0  anon$$obj.o(Region$$Table)
    Region$$Table$$Limit                     0x08006030   Number         0  anon$$obj.o(Region$$Table)
    SystemCoreClock                          0x20000000   Data           4  system_stm32f10x.o(.data)
    AHBPrescTable                            0x20000004   Data          16  system_stm32f10x.o(.data)
    image01                                  0x20000014   Data         800  ierg3810_tftlcd.o(.data)
    image02                                  0x20000334   Data         800  ierg3810_tftlcd.o(.data)
    image03                                  0x20000654   Data         800  ierg3810_tftlcd.o(.data)
    image04                                  0x20000974   Data         800  ierg3810_tftlcd.o(.data)
    image05                                  0x20000c94   Data         800  ierg3810_tftlcd.o(.data)
    image06                                  0x20000fb4   Data         800  ierg3810_tftlcd.o(.data)
    image07                                  0x200012d4   Data         800  ierg3810_tftlcd.o(.data)
    image08                                  0x200015f4   Data         800  ierg3810_tftlcd.o(.data)
    image09                                  0x20001914   Data         800  ierg3810_tftlcd.o(.data)
    image10                                  0x20001c34   Data         800  ierg3810_tftlcd.o(.data)
    image11                                  0x20001f54   Data         800  ierg3810_tftlcd.o(.data)
    pic                                      0x20002274   Data       45000  ierg3810_tftlcd.o(.data)
    pic2                                     0x2000d23c   Data        5000  ierg3810_tftlcd.o(.data)
    DotPic1                                  0x2000e5c4   Data         400  ierg3810_tftlcd.o(.data)
    DotPic2                                  0x2000e754   Data         400  ierg3810_tftlcd.o(.data)
    DotPic3                                  0x2000e8e4   Data         400  ierg3810_tftlcd.o(.data)
    sheep                                    0x2000ea74   Data           4  ierg3810_interrupt.o(.data)
    timeout                                  0x2000ea78   Data           4  ierg3810_interrupt.o(.data)
    ps2key                                   0x2000ea7c   Data           4  ierg3810_interrupt.o(.data)
    ps2count                                 0x2000ea80   Data           4  ierg3810_interrupt.o(.data)
    ps2dataReady                             0x2000ea84   Data           4  ierg3810_interrupt.o(.data)
    receive                                  0x2000ea88   Data           1  ierg3810_interrupt.o(.data)
    lastrecv                                 0x2000ea89   Data           1  ierg3810_interrupt.o(.data)
    check                                    0x2000ea8a   Data           1  ierg3810_interrupt.o(.data)
    key                                      0x2000ea8c   Data           4  ierg3810_interrupt.o(.data)
    bitcount                                 0x2000ea90   Data           4  ierg3810_interrupt.o(.data)
    led0pwmval                               0x2000ea94   Data           2  ierg3810_timer.o(.data)
    dir                                      0x2000ea96   Data           1  ierg3810_timer.o(.data)
    map                                      0x2000ea97   Data         180  ierg3810_mini.o(.data)
    i                                        0x2000eb4c   Data           4  main.o(.data)
    task1HeartBeat                           0x2000eb50   Data           4  main.o(.data)
    GameMap                                  0x2000eb54   Data           4  main.o(.data)
    PacLoc                                   0x2000eb58   Data           4  main.o(.data)
    PacDir                                   0x2000eb5c   Data           4  main.o(.data)
    Seed                                     0x2000eb60   Data           1  main.o(.data)
    pacFlash                                 0x2000eb61   Data           1  main.o(.data)
    PacSt                                    0x2000eb64   Data           4  main.o(.data)
    GosLoc                                   0x2000eb68   Data           4  main.o(.data)
    GosClu                                   0x2000eb6c   Data           4  main.o(.data)
    Replace                                  0x2000eb70   Data           4  main.o(.data)
    BeanLoc                                  0x2000eb74   Data           4  main.o(.data)
    SpFlag                                   0x2000eb78   Data           1  main.o(.data)
    SpTime                                   0x2000eb79   Data           1  main.o(.data)
    flag2G                                   0x2000eb7a   Data           1  main.o(.data)
    flag2N                                   0x2000eb7b   Data           1  main.o(.data)
    flag2B                                   0x2000eb7c   Data           1  main.o(.data)
    EatTime                                  0x2000eb7d   Data           1  main.o(.data)
    RAN                                      0x2000eb80   Data           4  main.o(.data)
    RANFlag                                  0x2000eb84   Data           4  main.o(.data)
    GosMem                                   0x2000eb88   Data           4  main.o(.data)
    Looptmp                                  0x2000eb8c   Data           4  main.o(.data)
    GosDead                                  0x2000eb90   Data           1  main.o(.data)
    RANE                                     0x2000eb91   Data           1  main.o(.data)
    Win                                      0x2000eb92   Data           1  main.o(.data)
    WinFlag                                  0x2000eb93   Data           1  main.o(.data)
    Lost                                     0x2000eb94   Data           1  main.o(.data)
    Life                                     0x2000eb95   Data           1  main.o(.data)
    Score                                    0x2000eb96   Data           1  main.o(.data)
    Second                                   0x2000eb97   Data           1  main.o(.data)
    SFlag                                    0x2000eb98   Data           1  main.o(.data)
    _random_number_data                      0x2000eb9c   Data         228  rand.o(.bss)
    __libspace_start                         0x2000ec80   Data          96  libspace.o(.bss)
    __temporary_stack_top$libspace           0x2000ece0   Data           0  libspace.o(.bss)



==============================================================================

Memory Map of the image

  Image Entry point : 0x08000435

  Load Region LR_1 (Base: 0x08000000, Size: 0x00014bcc, Max: 0xffffffff, ABSOLUTE, COMPRESSED[0x00007584])

    Execution Region ER_RO (Base: 0x08000000, Size: 0x00006030, Max: 0xffffffff, ABSOLUTE)

    Base Addr    Size         Type   Attr      Idx    E Section Name        Object

    0x08000000   0x00000130   Data   RO          417    RESET               startup_stm32f10x_hd.o
    0x08000130   0x00000008   Code   RO          793  * !!!main             c_w.l(__main.o)
    0x08000138   0x00000034   Code   RO         1026    !!!scatter          c_w.l(__scatter.o)
    0x0800016c   0x00000064   Code   RO         1024    !!dclz77c           c_w.l(__dclz77c.o)
    0x080001d0   0x0000001c   Code   RO         1028    !!handler_zi        c_w.l(__scatter_zi.o)
    0x080001ec   0x00000002   Code   RO          964    .ARM.Collect$$libinit$$00000000  c_w.l(libinit.o)
    0x080001ee   0x00000000   Code   RO          850    .ARM.Collect$$libinit$$00000002  c_w.l(libinit2.o)
    0x080001ee   0x00000000   Code   RO          852    .ARM.Collect$$libinit$$00000004  c_w.l(libinit2.o)
    0x080001ee   0x00000008   Code   RO          853    .ARM.Collect$$libinit$$00000005  c_w.l(libinit2.o)
    0x080001f6   0x00000000   Code   RO          855    .ARM.Collect$$libinit$$0000000A  c_w.l(libinit2.o)
    0x080001f6   0x00000000   Code   RO          857    .ARM.Collect$$libinit$$0000000C  c_w.l(libinit2.o)
    0x080001f6   0x00000004   Code   RO          858    .ARM.Collect$$libinit$$0000000D  c_w.l(libinit2.o)
    0x080001fa   0x00000000   Code   RO          859    .ARM.Collect$$libinit$$0000000E  c_w.l(libinit2.o)
    0x080001fa   0x00000000   Code   RO          862    .ARM.Collect$$libinit$$00000011  c_w.l(libinit2.o)
    0x080001fa   0x00000000   Code   RO          864    .ARM.Collect$$libinit$$00000013  c_w.l(libinit2.o)
    0x080001fa   0x00000000   Code   RO          866    .ARM.Collect$$libinit$$00000015  c_w.l(libinit2.o)
    0x080001fa   0x00000000   Code   RO          868    .ARM.Collect$$libinit$$00000017  c_w.l(libinit2.o)
    0x080001fa   0x00000000   Code   RO          870    .ARM.Collect$$libinit$$00000019  c_w.l(libinit2.o)
    0x080001fa   0x00000000   Code   RO          872    .ARM.Collect$$libinit$$0000001B  c_w.l(libinit2.o)
    0x080001fa   0x00000000   Code   RO          874    .ARM.Collect$$libinit$$0000001D  c_w.l(libinit2.o)
    0x080001fa   0x00000000   Code   RO          876    .ARM.Collect$$libinit$$0000001F  c_w.l(libinit2.o)
    0x080001fa   0x00000000   Code   RO          878    .ARM.Collect$$libinit$$00000021  c_w.l(libinit2.o)
    0x080001fa   0x00000000   Code   RO          880    .ARM.Collect$$libinit$$00000023  c_w.l(libinit2.o)
    0x080001fa   0x00000000   Code   RO          882    .ARM.Collect$$libinit$$00000025  c_w.l(libinit2.o)
    0x080001fa   0x00000000   Code   RO          886    .ARM.Collect$$libinit$$0000002C  c_w.l(libinit2.o)
    0x080001fa   0x00000000   Code   RO          888    .ARM.Collect$$libinit$$0000002E  c_w.l(libinit2.o)
    0x080001fa   0x00000000   Code   RO          890    .ARM.Collect$$libinit$$00000030  c_w.l(libinit2.o)
    0x080001fa   0x00000000   Code   RO          892    .ARM.Collect$$libinit$$00000032  c_w.l(libinit2.o)
    0x080001fa   0x00000002   Code   RO          893    .ARM.Collect$$libinit$$00000033  c_w.l(libinit2.o)
    0x080001fc   0x00000002   Code   RO         1021    .ARM.Collect$$libshutdown$$00000000  c_w.l(libshutdown.o)
    0x080001fe   0x00000000   Code   RO          979    .ARM.Collect$$libshutdown$$00000003  c_w.l(libshutdown2.o)
    0x080001fe   0x00000000   Code   RO          982    .ARM.Collect$$libshutdown$$00000006  c_w.l(libshutdown2.o)
    0x080001fe   0x00000000   Code   RO          985    .ARM.Collect$$libshutdown$$00000009  c_w.l(libshutdown2.o)
    0x080001fe   0x00000000   Code   RO          987    .ARM.Collect$$libshutdown$$0000000B  c_w.l(libshutdown2.o)
    0x080001fe   0x00000000   Code   RO          990    .ARM.Collect$$libshutdown$$0000000E  c_w.l(libshutdown2.o)
    0x080001fe   0x00000002   Code   RO          991    .ARM.Collect$$libshutdown$$0000000F  c_w.l(libshutdown2.o)
    0x08000200   0x00000000   Code   RO          819    .ARM.Collect$$rtentry$$00000000  c_w.l(__rtentry.o)
    0x08000200   0x00000000   Code   RO          905    .ARM.Collect$$rtentry$$00000002  c_w.l(__rtentry2.o)
    0x08000200   0x00000006   Code   RO          917    .ARM.Collect$$rtentry$$00000004  c_w.l(__rtentry4.o)
    0x08000206   0x00000000   Code   RO          907    .ARM.Collect$$rtentry$$00000009  c_w.l(__rtentry2.o)
    0x08000206   0x00000004   Code   RO          908    .ARM.Collect$$rtentry$$0000000A  c_w.l(__rtentry2.o)
    0x0800020a   0x00000000   Code   RO          910    .ARM.Collect$$rtentry$$0000000C  c_w.l(__rtentry2.o)
    0x0800020a   0x00000008   Code   RO          911    .ARM.Collect$$rtentry$$0000000D  c_w.l(__rtentry2.o)
    0x08000212   0x00000002   Code   RO          967    .ARM.Collect$$rtexit$$00000000  c_w.l(rtexit.o)
    0x08000214   0x00000000   Code   RO          995    .ARM.Collect$$rtexit$$00000002  c_w.l(rtexit2.o)
    0x08000214   0x00000004   Code   RO          996    .ARM.Collect$$rtexit$$00000003  c_w.l(rtexit2.o)
    0x08000218   0x00000006   Code   RO          997    .ARM.Collect$$rtexit$$00000004  c_w.l(rtexit2.o)
    0x0800021e   0x00000002   PAD
    0x08000220   0x00000034   Code   RO          784    .emb_text           c_w.l(rand.o)
    0x08000254   0x00000000   Code   RO          921    .emb_text           c_w.l(maybetermalloc1.o)
    0x08000254   0x000001e0   Code   RO          378    .text               system_stm32f10x.o
    0x08000434   0x00000040   Code   RO          418  * .text               startup_stm32f10x_hd.o
    0x08000474   0x00000024   Code   RO          422    .text               ierg3810_buzzer.o
    0x08000498   0x000000a4   Code   RO          437    .text               ierg3810_clock.o
    0x0800053c   0x0000006c   Code   RO          464    .text               ierg3810_led.o
    0x080005a8   0x00000058   Code   RO          479    .text               ierg3810_usart_print.o
    0x08000600   0x000000c4   Code   RO          509    .text               ierg3810_usart2.o
    0x080006c4   0x00000ef8   Code   RO          524    .text               ierg3810_tftlcd.o
    0x080015bc   0x0000000c   Code   RO          549    .text               ierg3810_delay.o
    0x080015c8   0x00000440   Code   RO          564    .text               ierg3810_interrupt.o
    0x08001a08   0x000004fe   Code   RO          586    .text               ierg3810_timer.o
    0x08001f06   0x00000002   PAD
    0x08001f08   0x000006e4   Code   RO          604    .text               ierg3810_mini.o
    0x080025ec   0x00000028   Code   RO          633    .text               stm32f10x_it.o
    0x08002614   0x0000231c   Code   RO          649    .text               main.o
    0x08004930   0x00000028   Code   RO          724    .text               c_w.l(calloc.o)
    0x08004958   0x0000005e   Code   RO          726    .text               c_w.l(h1_alloc.o)
    0x080049b6   0x0000004e   Code   RO          728    .text               c_w.l(h1_free.o)
    0x08004a04   0x0000003c   Code   RO          785    .text               c_w.l(rand.o)
    0x08004a40   0x00000064   Code   RO          789    .text               c_w.l(rt_memcpy_w.o)
    0x08004aa4   0x00000006   Code   RO          791    .text               c_w.l(heapauxi.o)
    0x08004aaa   0x00000002   PAD
    0x08004aac   0x00000008   Code   RO          823    .text               c_w.l(rt_heap_descriptor_intlibspace.o)
    0x08004ab4   0x00000004   Code   RO          825    .text               c_w.l(hguard.o)
    0x08004ab8   0x0000008a   Code   RO          827    .text               c_w.l(init_alloc.o)
    0x08004b42   0x0000000e   Code   RO          831    .text               c_w.l(h1_init.o)
    0x08004b50   0x00000044   Code   RO          845    .text               c_w.l(rt_memclr.o)
    0x08004b94   0x00000008   Code   RO          901    .text               c_w.l(libspace.o)
    0x08004b9c   0x00000034   Code   RO          923    .text               c_w.l(h1_extend.o)
    0x08004bd0   0x0000000e   Code   RO          927    .text               c_w.l(defsig_rtmem_outer.o)
    0x08004bde   0x0000004e   Code   RO          931    .text               c_w.l(rt_memclr_w.o)
    0x08004c2c   0x00000002   Code   RO          940    .text               c_w.l(use_no_semi.o)
    0x08004c2e   0x00000000   Code   RO          942    .text               c_w.l(indicate_semi.o)
    0x08004c2e   0x0000004a   Code   RO          943    .text               c_w.l(sys_stackheap_outer.o)
    0x08004c78   0x0000000c   Code   RO          949    .text               c_w.l(exit.o)
    0x08004c84   0x0000000a   Code   RO          951    .text               c_w.l(defsig_exit.o)
    0x08004c8e   0x00000002   PAD
    0x08004c90   0x00000050   Code   RO          953    .text               c_w.l(defsig_rtmem_inner.o)
    0x08004ce0   0x0000000c   Code   RO          965    .text               c_w.l(sys_exit.o)
    0x08004cec   0x00000032   Code   RO          975    .text               c_w.l(defsig_general.o)
    0x08004d1e   0x0000000e   Code   RO          992    .text               c_w.l(sys_wrch.o)
    0x08004d2c   0x000000c4   Code   RO          795    x$fpl$fadd          fz_ws.l(faddsub_clz.o)
    0x08004df0   0x00000184   Code   RO          802    x$fpl$fdiv          fz_ws.l(fdiv.o)
    0x08004f74   0x0000003e   Code   RO          805    x$fpl$ffixu         fz_ws.l(ffixu.o)
    0x08004fb2   0x00000002   PAD
    0x08004fb4   0x00000026   Code   RO          809    x$fpl$ffltu         fz_ws.l(fflt_clz.o)
    0x08004fda   0x00000002   PAD
    0x08004fdc   0x00000102   Code   RO          815    x$fpl$fmul          fz_ws.l(fmul.o)
    0x080050de   0x0000008c   Code   RO          894    x$fpl$fnaninf       fz_ws.l(fnaninf.o)
    0x0800516a   0x0000000a   Code   RO          896    x$fpl$fretinf       fz_ws.l(fretinf.o)
    0x08005174   0x00000014   Code   RO          796    x$fpl$frsb          fz_ws.l(faddsub_clz.o)
    0x08005188   0x000000ea   Code   RO          797    x$fpl$fsub          fz_ws.l(faddsub_clz.o)
    0x08005272   0x00000000   Code   RO          898    x$fpl$usenofp       fz_ws.l(usenofp.o)
    0x08005272   0x00000002   PAD
    0x08005274   0x00000798   Data   RO          525    .constdata          ierg3810_tftlcd.o
    0x08005a0c   0x00000604   Data   RO          650    .constdata          main.o
    0x08006010   0x00000020   Data   RO         1022    Region$$Table       anon$$obj.o


    Execution Region ER_RW (Base: 0x20000000, Size: 0x0000eb9c, Max: 0xffffffff, ABSOLUTE, COMPRESSED[0x00001554])

    Base Addr    Size         Type   Attr      Idx    E Section Name        Object

    0x20000000   0x00000014   Data   RW          379    .data               system_stm32f10x.o
    0x20000014   0x0000ea60   Data   RW          526    .data               ierg3810_tftlcd.o
    0x2000ea74   0x00000020   Data   RW          565    .data               ierg3810_interrupt.o
    0x2000ea94   0x00000003   Data   RW          587    .data               ierg3810_timer.o
    0x2000ea97   0x000000b4   Data   RW          605    .data               ierg3810_mini.o
    0x2000eb4b   0x00000001   PAD
    0x2000eb4c   0x0000004d   Data   RW          651    .data               main.o


    Execution Region ER_ZI (Base: 0x2000eb9c, Size: 0x00000744, Max: 0xffffffff, ABSOLUTE)

    Base Addr    Size         Type   Attr      Idx    E Section Name        Object

    0x2000eb9c   0x000000e4   Zero   RW          786    .bss                c_w.l(rand.o)
    0x2000ec80   0x00000060   Zero   RW          902    .bss                c_w.l(libspace.o)
    0x2000ece0   0x00000200   Zero   RW          416    HEAP                startup_stm32f10x_hd.o
    0x2000eee0   0x00000400   Zero   RW          415    STACK               startup_stm32f10x_hd.o


==============================================================================

Image component sizes


      Code (inc. data)   RO Data    RW Data    ZI Data      Debug   Object Name

         0          0          0          0          0         32   core_cm3.o
        36          4          0          0          0        423   ierg3810_buzzer.o
       164         18          0          0          0        539   ierg3810_clock.o
        12          0          0          0          0        440   ierg3810_delay.o
      1088         88          0         32          0       3527   ierg3810_interrupt.o
       108         14          0          0          0        436   ierg3810_led.o
      1764         88          0        180          0       5973   ierg3810_mini.o
      3832        116       1944      60000          0       8641   ierg3810_tftlcd.o
      1278         48          0          3          0       3425   ierg3810_timer.o
       196         16          0          0          0        639   ierg3810_usart2.o
        88          8          0          0          0        590   ierg3810_usart_print.o
      8988        318       1540         77          0      29064   main.o
         0          0          0          0          0     207560   misc.o
        64         26        304          0       1536        768   startup_stm32f10x_hd.o
        40          4          0          0          0       1234   stm32f10x_it.o
       480         38          0         20          0       1683   system_stm32f10x.o

    ----------------------------------------------------------------------
     18140        786       3820      60316       1536     264974   Object Totals
         0          0         32          0          0          0   (incl. Generated)
         2          0          0          4          0          0   (incl. Padding)

    ----------------------------------------------------------------------

      Code (inc. data)   RO Data    RW Data    ZI Data      Debug   Library Member Name

       100          0          0          0          0          0   __dclz77c.o
         8          0          0          0          0         68   __main.o
         0          0          0          0          0          0   __rtentry.o
        12          0          0          0          0          0   __rtentry2.o
         6          0          0          0          0          0   __rtentry4.o
        52          8          0          0          0          0   __scatter.o
        28          0          0          0          0          0   __scatter_zi.o
        40          0          0          0          0         80   calloc.o
        10          0          0          0          0         68   defsig_exit.o
        50          0          0          0          0         88   defsig_general.o
        80         58          0          0          0         76   defsig_rtmem_inner.o
        14          0          0          0          0         80   defsig_rtmem_outer.o
        12          0          0          0          0         72   exit.o
        94          0          0          0          0         80   h1_alloc.o
        52          0          0          0          0         68   h1_extend.o
        78          0          0          0          0         80   h1_free.o
        14          0          0          0          0         84   h1_init.o
         6          0          0          0          0        152   heapauxi.o
         4          0          0          0          0        136   hguard.o
         0          0          0          0          0          0   indicate_semi.o
       138          0          0          0          0        168   init_alloc.o
         2          0          0          0          0          0   libinit.o
        14          0          0          0          0          0   libinit2.o
         2          0          0          0          0          0   libshutdown.o
         2          0          0          0          0          0   libshutdown2.o
         8          4          0          0         96         68   libspace.o
         0          0          0          0          0          0   maybetermalloc1.o
       112         18          0          0        228        160   rand.o
         8          4          0          0          0         68   rt_heap_descriptor_intlibspace.o
        68          0          0          0          0         68   rt_memclr.o
        78          0          0          0          0         80   rt_memclr_w.o
       100          0          0          0          0         80   rt_memcpy_w.o
         2          0          0          0          0          0   rtexit.o
        10          0          0          0          0          0   rtexit2.o
        12          4          0          0          0         68   sys_exit.o
        74          0          0          0          0         80   sys_stackheap_outer.o
        14          0          0          0          0         76   sys_wrch.o
         2          0          0          0          0         68   use_no_semi.o
       450          8          0          0          0        236   faddsub_clz.o
       388         76          0          0          0         96   fdiv.o
        62          4          0          0          0         84   ffixu.o
        38          0          0          0          0         68   fflt_clz.o
       258          4          0          0          0         84   fmul.o
       140          4          0          0          0         84   fnaninf.o
        10          0          0          0          0         68   fretinf.o
         0          0          0          0          0          0   usenofp.o

    ----------------------------------------------------------------------
      2664        192          0          0        324       2836   Library Totals
        12          0          0          0          0          0   (incl. Padding)

    ----------------------------------------------------------------------

      Code (inc. data)   RO Data    RW Data    ZI Data      Debug   Library Name

      1306         96          0          0        324       2116   c_w.l
      1346         96          0          0          0        720   fz_ws.l

    ----------------------------------------------------------------------
      2664        192          0          0        324       2836   Library Totals

    ----------------------------------------------------------------------

==============================================================================


      Code (inc. data)   RO Data    RW Data    ZI Data      Debug   

     20804        978       3820      60316       1860     265362   Grand Totals
     20804        978       3820       5460       1860     265362   ELF Image Totals (compressed)
     20804        978       3820       5460          0          0   ROM Totals

==============================================================================

    Total RO  Size (Code + RO Data)                24624 (  24.05kB)
    Total RW  Size (RW Data + ZI Data)             62176 (  60.72kB)
    Total ROM Size (Code + RO Data + RW Data)      30084 (  29.38kB)

==============================================================================

